Archive member included to satisfy reference by file (symbol)

/Users/yuechuanxu/Projects/gcc-arm-none-eabi-5_4-2016q2/bin/../lib/gcc/arm-none-eabi/5.4.1/../../../../arm-none-eabi/lib/armv7e-m/libstdc++_nano.a(del_op.o)
                              ./stm32quick/stm32_gpio.o (operator delete(void*))
/Users/yuechuanxu/Projects/gcc-arm-none-eabi-5_4-2016q2/bin/../lib/gcc/arm-none-eabi/5.4.1/../../../../arm-none-eabi/lib/armv7e-m/libstdc++_nano.a(new_op.o)
                              ./src/main.o (operator new(unsigned int))
/Users/yuechuanxu/Projects/gcc-arm-none-eabi-5_4-2016q2/bin/../lib/gcc/arm-none-eabi/5.4.1/../../../../arm-none-eabi/lib/armv7e-m/libstdc++_nano.a(new_handler.o)
                              /Users/yuechuanxu/Projects/gcc-arm-none-eabi-5_4-2016q2/bin/../lib/gcc/arm-none-eabi/5.4.1/../../../../arm-none-eabi/lib/armv7e-m/libstdc++_nano.a(new_op.o) (std::get_new_handler())
/Users/yuechuanxu/Projects/gcc-arm-none-eabi-5_4-2016q2/bin/../lib/gcc/arm-none-eabi/5.4.1/../../../../arm-none-eabi/lib/armv7e-m/libg_nano.a(lib_a-ctype_.o)
                              ./system/src/newlib/_syscalls.o (__ctype_ptr__)
/Users/yuechuanxu/Projects/gcc-arm-none-eabi-5_4-2016q2/bin/../lib/gcc/arm-none-eabi/5.4.1/../../../../arm-none-eabi/lib/armv7e-m/libg_nano.a(lib_a-errno.o)
                              ./system/src/newlib/_sbrk.o (__errno)
/Users/yuechuanxu/Projects/gcc-arm-none-eabi-5_4-2016q2/bin/../lib/gcc/arm-none-eabi/5.4.1/../../../../arm-none-eabi/lib/armv7e-m/libg_nano.a(lib_a-findfp.o)
                              ./system/src/newlib/_syscalls.o (__sinit)
/Users/yuechuanxu/Projects/gcc-arm-none-eabi-5_4-2016q2/bin/../lib/gcc/arm-none-eabi/5.4.1/../../../../arm-none-eabi/lib/armv7e-m/libg_nano.a(lib_a-fwalk.o)
                              /Users/yuechuanxu/Projects/gcc-arm-none-eabi-5_4-2016q2/bin/../lib/gcc/arm-none-eabi/5.4.1/../../../../arm-none-eabi/lib/armv7e-m/libg_nano.a(lib_a-findfp.o) (_fwalk)
/Users/yuechuanxu/Projects/gcc-arm-none-eabi-5_4-2016q2/bin/../lib/gcc/arm-none-eabi/5.4.1/../../../../arm-none-eabi/lib/armv7e-m/libg_nano.a(lib_a-impure.o)
                              /Users/yuechuanxu/Projects/gcc-arm-none-eabi-5_4-2016q2/bin/../lib/gcc/arm-none-eabi/5.4.1/../../../../arm-none-eabi/lib/armv7e-m/libg_nano.a(lib_a-findfp.o) (_global_impure_ptr)
/Users/yuechuanxu/Projects/gcc-arm-none-eabi-5_4-2016q2/bin/../lib/gcc/arm-none-eabi/5.4.1/../../../../arm-none-eabi/lib/armv7e-m/libg_nano.a(lib_a-malloc.o)
                              /Users/yuechuanxu/Projects/gcc-arm-none-eabi-5_4-2016q2/bin/../lib/gcc/arm-none-eabi/5.4.1/../../../../arm-none-eabi/lib/armv7e-m/libstdc++_nano.a(new_op.o) (malloc)
/Users/yuechuanxu/Projects/gcc-arm-none-eabi-5_4-2016q2/bin/../lib/gcc/arm-none-eabi/5.4.1/../../../../arm-none-eabi/lib/armv7e-m/libg_nano.a(lib_a-memset.o)
                              ./system/src/newlib/_syscalls.o (memset)
/Users/yuechuanxu/Projects/gcc-arm-none-eabi-5_4-2016q2/bin/../lib/gcc/arm-none-eabi/5.4.1/../../../../arm-none-eabi/lib/armv7e-m/libg_nano.a(lib_a-nano-freer.o)
                              /Users/yuechuanxu/Projects/gcc-arm-none-eabi-5_4-2016q2/bin/../lib/gcc/arm-none-eabi/5.4.1/../../../../arm-none-eabi/lib/armv7e-m/libg_nano.a(lib_a-malloc.o) (_free_r)
/Users/yuechuanxu/Projects/gcc-arm-none-eabi-5_4-2016q2/bin/../lib/gcc/arm-none-eabi/5.4.1/../../../../arm-none-eabi/lib/armv7e-m/libg_nano.a(lib_a-nano-mallocr.o)
                              /Users/yuechuanxu/Projects/gcc-arm-none-eabi-5_4-2016q2/bin/../lib/gcc/arm-none-eabi/5.4.1/../../../../arm-none-eabi/lib/armv7e-m/libg_nano.a(lib_a-findfp.o) (_malloc_r)
/Users/yuechuanxu/Projects/gcc-arm-none-eabi-5_4-2016q2/bin/../lib/gcc/arm-none-eabi/5.4.1/../../../../arm-none-eabi/lib/armv7e-m/libg_nano.a(lib_a-puts.o)
                              ./src/main.o (puts)
/Users/yuechuanxu/Projects/gcc-arm-none-eabi-5_4-2016q2/bin/../lib/gcc/arm-none-eabi/5.4.1/../../../../arm-none-eabi/lib/armv7e-m/libg_nano.a(lib_a-sbrkr.o)
                              /Users/yuechuanxu/Projects/gcc-arm-none-eabi-5_4-2016q2/bin/../lib/gcc/arm-none-eabi/5.4.1/../../../../arm-none-eabi/lib/armv7e-m/libg_nano.a(lib_a-nano-mallocr.o) (_sbrk_r)
/Users/yuechuanxu/Projects/gcc-arm-none-eabi-5_4-2016q2/bin/../lib/gcc/arm-none-eabi/5.4.1/../../../../arm-none-eabi/lib/armv7e-m/libg_nano.a(lib_a-stdio.o)
                              /Users/yuechuanxu/Projects/gcc-arm-none-eabi-5_4-2016q2/bin/../lib/gcc/arm-none-eabi/5.4.1/../../../../arm-none-eabi/lib/armv7e-m/libg_nano.a(lib_a-findfp.o) (__sread)
/Users/yuechuanxu/Projects/gcc-arm-none-eabi-5_4-2016q2/bin/../lib/gcc/arm-none-eabi/5.4.1/../../../../arm-none-eabi/lib/armv7e-m/libg_nano.a(lib_a-strcmp.o)
                              ./system/src/cortexm/exception_handlers.o (strcmp)
/Users/yuechuanxu/Projects/gcc-arm-none-eabi-5_4-2016q2/bin/../lib/gcc/arm-none-eabi/5.4.1/../../../../arm-none-eabi/lib/armv7e-m/libg_nano.a(lib_a-strlen.o)
[...]
Memory Configuration

Name             Origin             Length             Attributes
RAM              0x0000000020000000 0x0000000000010000 xrw
CCMRAM           0x0000000010000000 0x0000000000000000 xrw
FLASH            0x0000000008000000 0x0000000000080000 xr
FLASHB1          0x0000000000000000 0x0000000000000000 xr
EXTMEMB0         0x0000000000000000 0x0000000000000000 xr
EXTMEMB1         0x0000000000000000 0x0000000000000000 xr
EXTMEMB2         0x0000000000000000 0x0000000000000000 xr
EXTMEMB3         0x0000000000000000 0x0000000000000000 xr
*default*        0x0000000000000000 0xffffffffffffffff

Linker script and memory map

LOAD ./system/src/stm32f4-hal/stm32f4xx_hal.o
LOAD ./system/src/stm32f4-hal/stm32f4xx_hal_cortex.o
LOAD ./system/src/stm32f4-hal/stm32f4xx_hal_flash.o
LOAD ./system/src/stm32f4-hal/stm32f4xx_hal_gpio.o
LOAD ./system/src/stm32f4-hal/stm32f4xx_hal_iwdg.o
LOAD ./system/src/stm32f4-hal/stm32f4xx_hal_pwr.o
LOAD ./system/src/stm32f4-hal/stm32f4xx_hal_rcc.o
LOAD ./system/src/newlib/_cxx.o
LOAD ./system/src/newlib/_exit.o
LOAD ./system/src/newlib/_sbrk.o
LOAD ./system/src/newlib/_startup.o
LOAD ./system/src/newlib/_syscalls.o
LOAD ./system/src/newlib/assert.o
LOAD ./system/src/diag/Trace.o
LOAD ./system/src/diag/trace_impl.o
LOAD ./system/src/cortexm/_initialize_hardware.o
LOAD ./system/src/cortexm/_reset_hardware.o
LOAD ./system/src/cortexm/exception_handlers.o
LOAD ./system/src/cmsis/system_stm32f4xx.o
LOAD ./system/src/cmsis/vectors_stm32f401xe.o
LOAD ./stm32quick/stm32_gpio.o
LOAD ./src/_initialize_hardware.o
LOAD ./src/main.o
LOAD ./src/stm32f4xx_hal_msp.o
LOAD ./src/timer.o
LOAD /Users/yuechuanxu/Projects/gcc-arm-none-eabi-5_4-2016q2/bin/../lib/gcc/arm-none-eabi/5.4.1/../../../../arm-none-eabi/lib/armv7e-m/libstdc++_nano.a
LOAD /Users/yuechuanxu/Projects/gcc-arm-none-eabi-5_4-2016q2/bin/../lib/gcc/arm-none-eabi/5.4.1/../../../../arm-none-eabi/lib/armv7e-m/libm.a
START GROUP
LOAD /Users/yuechuanxu/Projects/gcc-arm-none-eabi-5_4-2016q2/bin/../lib/gcc/arm-none-eabi/5.4.1/armv7e-m/libgcc.a
LOAD /Users/yuechuanxu/Projects/gcc-arm-none-eabi-5_4-2016q2/bin/../lib/gcc/arm-none-eabi/5.4.1/../../../../arm-none-eabi/lib/armv7e-m/libg_nano.a
LOAD /Users/yuechuanxu/Projects/gcc-arm-none-eabi-5_4-2016q2/bin/../lib/gcc/arm-none-eabi/5.4.1/../../../../arm-none-eabi/lib/armv7e-m/libc_nano.a
END GROUP
START GROUP
LOAD /Users/yuechuanxu/Projects/gcc-arm-none-eabi-5_4-2016q2/bin/../lib/gcc/arm-none-eabi/5.4.1/armv7e-m/libgcc.a
LOAD /Users/yuechuanxu/Projects/gcc-arm-none-eabi-5_4-2016q2/bin/../lib/gcc/arm-none-eabi/5.4.1/../../../../arm-none-eabi/lib/armv7e-m/libc_nano.a
END GROUP
                0x0000000020010000                __stack = (ORIGIN (RAM) + LENGTH (RAM))
                0x0000000020010000                _estack = __stack
                0x0000000000000400                __Main_Stack_Size = 0x400
                [!provide]                        PROVIDE (_Main_Stack_Size, __Main_Stack_Size)
                0x000000002000fc00                __Main_Stack_Limit = (__stack - __Main_Stack_Size)
                [!provide]                        PROVIDE (_Main_Stack_Limit, __Main_Stack_Limit)
                0x0000000000000100                _Minimum_Stack_Size = 0x100
                0x0000000020000238                PROVIDE (_Heap_Begin, _end_noinit)
                0x000000002000fc00                PROVIDE (_Heap_Limit, (__stack - __Main_Stack_Size))

.isr_vector     0x0000000008000000      0x3f8
 FILL mask 0xff
                0x0000000008000000                __vectors_start = ABSOLUTE (.)
                0x0000000008000000                __vectors_start__ = ABSOLUTE (.)
 *(.isr_vector)
 .isr_vector    0x0000000008000000      0x194 ./system/src/cmsis/vectors_stm32f401xe.o
                0x0000000008000000                __isr_vectors
 *(.cfmconfig)
 *(.after_vectors .after_vectors.*)
 .after_vectors
                0x0000000008000194      0x130 ./system/src/newlib/_startup.o
                0x0000000008000194                _start
 .after_vectors
                0x00000000080002c4      0x130 ./system/src/cortexm/exception_handlers.o
                0x00000000080002c4                Reset_Handler
                0x00000000080002cc                NMI_Handler
                0x00000000080002d0                HardFault_Handler
                0x00000000080002e4                HardFault_Handler_C
                0x0000000008000344                MemManage_Handler
                0x0000000008000348                BusFault_Handler
                0x000000000800035c                BusFault_Handler_C
                0x0000000008000390                UsageFault_Handler
                0x00000000080003a4                UsageFault_Handler_C
                0x00000000080003d8                SVC_Handler
                0x00000000080003dc                DebugMon_Handler
                0x00000000080003e0                PendSV_Handler
 .after_vectors
                0x00000000080003f4        0x4 ./system/src/cmsis/vectors_stm32f401xe.o
                0x00000000080003f4                DMA1_Stream3_IRQHandler
                0x00000000080003f4                EXTI2_IRQHandler
                0x00000000080003f4                SPI4_IRQHandler
                0x00000000080003f4                TIM1_CC_IRQHandler
                0x00000000080003f4                DMA2_Stream5_IRQHandler
                0x00000000080003f4                DMA1_Stream5_IRQHandler
                0x00000000080003f4                PVD_IRQHandler
                0x00000000080003f4                SDIO_IRQHandler
                0x00000000080003f4                TAMP_STAMP_IRQHandler
                0x00000000080003f4                EXTI3_IRQHandler
                0x00000000080003f4                TIM1_UP_TIM10_IRQHandler
                0x00000000080003f4                I2C3_ER_IRQHandler
                0x00000000080003f4                EXTI0_IRQHandler
                0x00000000080003f4                I2C2_EV_IRQHandler
                0x00000000080003f4                DMA1_Stream2_IRQHandler
                0x00000000080003f4                FPU_IRQHandler
                0x00000000080003f4                DMA2_Stream2_IRQHandler
                0x00000000080003f4                SPI1_IRQHandler
                0x00000000080003f4                TIM1_BRK_TIM9_IRQHandler
                0x00000000080003f4                DMA2_Stream3_IRQHandler
                0x00000000080003f4                USART6_IRQHandler
                0x00000000080003f4                DMA2_Stream0_IRQHandler
                0x00000000080003f4                TIM4_IRQHandler
                0x00000000080003f4                I2C1_EV_IRQHandler
                0x00000000080003f4                DMA1_Stream6_IRQHandler
                0x00000000080003f4                DMA1_Stream1_IRQHandler
                0x00000000080003f4                TIM3_IRQHandler
                0x00000000080003f4                RCC_IRQHandler
                0x00000000080003f4                Default_Handler
                0x00000000080003f4                EXTI15_10_IRQHandler
                0x00000000080003f4                ADC_IRQHandler
                0x00000000080003f4                DMA1_Stream7_IRQHandler
                0x00000000080003f4                TIM5_IRQHandler
                0x00000000080003f4                DMA2_Stream7_IRQHandler
                0x00000000080003f4                I2C3_EV_IRQHandler
                0x00000000080003f4                EXTI9_5_IRQHandler
                0x00000000080003f4                RTC_WKUP_IRQHandler
                0x00000000080003f4                SPI2_IRQHandler
                0x00000000080003f4                DMA1_Stream0_IRQHandler
                0x00000000080003f4                EXTI4_IRQHandler
                0x00000000080003f4                WWDG_IRQHandler
                0x00000000080003f4                TIM2_IRQHandler
                0x00000000080003f4                OTG_FS_WKUP_IRQHandler
                0x00000000080003f4                TIM1_TRG_COM_TIM11_IRQHandler
                0x00000000080003f4                EXTI1_IRQHandler
                0x00000000080003f4                USART2_IRQHandler
                0x00000000080003f4                I2C2_ER_IRQHandler
                0x00000000080003f4                DMA2_Stream1_IRQHandler
                0x00000000080003f4                FLASH_IRQHandler
                0x00000000080003f4                DMA2_Stream4_IRQHandler
                0x00000000080003f4                USART1_IRQHandler
                0x00000000080003f4                OTG_FS_IRQHandler
                0x00000000080003f4                SPI3_IRQHandler
                0x00000000080003f4                DMA1_Stream4_IRQHandler
                0x00000000080003f4                I2C1_ER_IRQHandler
                0x00000000080003f4                DMA2_Stream6_IRQHandler
                0x00000000080003f4                RTC_Alarm_IRQHandler

.inits          0x00000000080003f8       0x28
                0x00000000080003f8                __data_regions_array_start = .
                0x00000000080003f8        0x4 LONG 0x80030c4 LOADADDR (.data)
                0x00000000080003fc        0x4 LONG 0x20000000 ADDR (.data)
                0x0000000008000400        0x4 LONG 0x20000074 (ADDR (.data) + SIZEOF (.data))
                0x0000000008000404        0x4 LONG 0x80030c4 LOADADDR (.data_CCMRAM)
                0x0000000008000408        0x4 LONG 0x10000000 ADDR (.data_CCMRAM)
                0x000000000800040c        0x4 LONG 0x10000000 (ADDR (.data_CCMRAM) + SIZEOF (.data_CCMRAM))
                0x0000000008000410                __data_regions_array_end = .
                0x0000000008000410                __bss_regions_array_start = .
                0x0000000008000410        0x4 LONG 0x20000074 ADDR (.bss)
                0x0000000008000414        0x4 LONG 0x20000238 (ADDR (.bss) + SIZEOF (.bss))
                0x0000000008000418        0x4 LONG 0x10000000 ADDR (.bss_CCMRAM)
                0x000000000800041c        0x4 LONG 0x10000000 (ADDR (.bss_CCMRAM) + SIZEOF (.bss_CCMRAM))
                0x0000000008000420                __bss_regions_array_end = .
 *(.init)
 *(.fini)
                0x0000000008000420                . = ALIGN (0x4)
                0x0000000008000420                PROVIDE (__preinit_array_start, .)
 *(.preinit_array_sysinit .preinit_array_sysinit.*)
 *(.preinit_array_platform .preinit_array_platform.*)
 *(.preinit_array .preinit_array.*)
                0x0000000008000420                PROVIDE (__preinit_array_end, .)
                0x0000000008000420                . = ALIGN (0x4)
                0x0000000008000420                PROVIDE (__init_array_start, .)
 *(SORT(.init_array.*))
 *(.init_array)
                0x0000000008000420                PROVIDE (__init_array_end, .)
                0x0000000008000420                . = ALIGN (0x4)
                0x0000000008000420                PROVIDE (__fini_array_start, .)
 *(SORT(.fini_array.*))
 *(.fini_array)
                0x0000000008000420                PROVIDE (__fini_array_end, .)

.flashtext
 *(.flashtext .flashtext.*)

.text           0x0000000008000420     0x2ca3
 *(.text .text.*)
 .text.HAL_InitTick
                0x0000000008000420       0x28 ./system/src/stm32f4-hal/stm32f4xx_hal.o
                0x0000000008000420                HAL_InitTick
 .text.HAL_Init
                0x0000000008000448       0x34 ./system/src/stm32f4-hal/stm32f4xx_hal.o
                0x0000000008000448                HAL_Init
 .text.HAL_IncTick
                0x000000000800047c       0x10 ./system/src/stm32f4-hal/stm32f4xx_hal.o
                0x000000000800047c                HAL_IncTick
 .text.HAL_GetTick
                0x000000000800048c        0xc ./system/src/stm32f4-hal/stm32f4xx_hal.o
                0x000000000800048c                HAL_GetTick
 .text.HAL_Delay
                0x0000000008000498       0x1c ./system/src/stm32f4-hal/stm32f4xx_hal.o
                0x0000000008000498                HAL_Delay
 .text.HAL_NVIC_SetPriorityGrouping
                0x00000000080004b4       0x3c ./system/src/stm32f4-hal/stm32f4xx_hal_cortex.o
                0x00000000080004b4                HAL_NVIC_SetPriorityGrouping
 .text.HAL_NVIC_SetPriority
                0x00000000080004f0       0x84 ./system/src/stm32f4-hal/stm32f4xx_hal_cortex.o
                0x00000000080004f0                HAL_NVIC_SetPriority
 .text.HAL_SYSTICK_Config
                0x0000000008000574       0x2c ./system/src/stm32f4-hal/stm32f4xx_hal_cortex.o
                0x0000000008000574                HAL_SYSTICK_Config
 .text.HAL_SYSTICK_CLKSourceConfig
                0x00000000080005a0       0x38 ./system/src/stm32f4-hal/stm32f4xx_hal_cortex.o
                0x00000000080005a0                HAL_SYSTICK_CLKSourceConfig
 .text.HAL_GPIO_Init
                0x00000000080005d8      0x2c4 ./system/src/stm32f4-hal/stm32f4xx_hal_gpio.o
                0x00000000080005d8                HAL_GPIO_Init
 .text.HAL_GPIO_TogglePin
                0x000000000800089c       0x20 ./system/src/stm32f4-hal/stm32f4xx_hal_gpio.o
                0x000000000800089c                HAL_GPIO_TogglePin
 .text.HAL_RCC_OscConfig
                0x00000000080008bc      0x448 ./system/src/stm32f4-hal/stm32f4xx_hal_rcc.o
                0x00000000080008bc                HAL_RCC_OscConfig
 .text.HAL_RCC_ClockConfig
                0x0000000008000d04      0x22c ./system/src/stm32f4-hal/stm32f4xx_hal_rcc.o
                0x0000000008000d04                HAL_RCC_ClockConfig
 .text.HAL_RCC_GetSysClockFreq
                0x0000000008000f30       0xa0 ./system/src/stm32f4-hal/stm32f4xx_hal_rcc.o
                0x0000000008000f30                HAL_RCC_GetSysClockFreq
 .text.HAL_RCC_GetHCLKFreq
                0x0000000008000fd0       0x34 ./system/src/stm32f4-hal/stm32f4xx_hal_rcc.o
                0x0000000008000fd0                HAL_RCC_GetHCLKFreq
 .text.__cxa_pure_virtual
                0x0000000008001004       0x10 ./system/src/newlib/_cxx.o
                0x0000000008001004                __cxa_pure_virtual
 .text.abort    0x0000000008001014       0x14 ./system/src/newlib/_exit.o
                0x0000000008001014                abort
 .text._sbrk    0x0000000008001028       0x44 ./system/src/newlib/_sbrk.o
                0x0000000008001028                _sbrk
 .text.get_errno
                0x000000000800106c       0x14 ./system/src/newlib/_syscalls.o
 .text.error    0x0000000008001080       0x14 ./system/src/newlib/_syscalls.o
 .text.checkerror
                0x0000000008001094       0x10 ./system/src/newlib/_syscalls.o
 .text.findslot
                0x00000000080010a4       0x3c ./system/src/newlib/_syscalls.o
 .text._exit    0x00000000080010e0       0x20 ./system/src/newlib/_syscalls.o
                0x00000000080010e0                _exit
 .text.initialise_monitor_handles
                0x0000000008001100       0xa8 ./system/src/newlib/_syscalls.o
                0x0000000008001100                initialise_monitor_handles
 .text.__initialize_args
                0x00000000080011a8       0xd8 ./system/src/newlib/_syscalls.o
                0x00000000080011a8                __initialize_args
 .text._swiread
                0x0000000008001280       0x20 ./system/src/newlib/_syscalls.o
                0x0000000008001280                _swiread
 .text._read    0x00000000080012a0       0x38 ./system/src/newlib/_syscalls.o
                0x00000000080012a0                _read
 .text._swilseek
                0x00000000080012d8       0xbc ./system/src/newlib/_syscalls.o
                0x00000000080012d8                _swilseek
 .text._lseek   0x0000000008001394        0x8 ./system/src/newlib/_syscalls.o
                0x0000000008001394                _lseek
 .text._swiwrite
                0x000000000800139c       0x20 ./system/src/newlib/_syscalls.o
                0x000000000800139c                _swiwrite
 .text._write   0x00000000080013bc       0x44 ./system/src/newlib/_syscalls.o
                0x00000000080013bc                _write
 .text._swiclose
                0x0000000008001400       0x20 ./system/src/newlib/_syscalls.o
                0x0000000008001400                _swiclose
 .text._close   0x0000000008001420       0x4c ./system/src/newlib/_syscalls.o
                0x0000000008001420                _close
 .text._swistat
                0x000000000800146c       0x4c ./system/src/newlib/_syscalls.o
                0x000000000800146c                _swistat
 .text._fstat   0x00000000080014b8       0x1c ./system/src/newlib/_syscalls.o
                0x00000000080014b8                _fstat
 .text._isatty  0x00000000080014d4       0x38 ./system/src/newlib/_syscalls.o
                0x00000000080014d4                _isatty
 .text.assert_failed
                0x000000000800150c       0x14 ./system/src/newlib/assert.o
                0x000000000800150c                assert_failed
 .text.trace_printf
                0x0000000008001520       0x30 ./system/src/diag/Trace.o
                0x0000000008001520                trace_printf
 .text.trace_puts
                0x0000000008001550       0x20 ./system/src/diag/Trace.o
                0x0000000008001550                trace_puts
 .text._trace_write_semihosting_debug
                0x0000000008001570       0x64 ./system/src/diag/trace_impl.o
 .text.trace_write
                0x00000000080015d4        0x8 ./system/src/diag/trace_impl.o
                0x00000000080015d4                trace_write
 .text.__initialize_hardware_early
                0x00000000080015dc       0x18 ./system/src/cortexm/_initialize_hardware.o
                0x00000000080015dc                __initialize_hardware_early
 .text.dumpExceptionStack
                0x00000000080015f4       0xf0 ./system/src/cortexm/exception_handlers.o
                0x00000000080015f4                dumpExceptionStack
 .text.isSemihosting
                0x00000000080016e4      0x100 ./system/src/cortexm/exception_handlers.o
                0x00000000080016e4                isSemihosting
 .text.SystemInit
                0x00000000080017e4       0x40 ./system/src/cmsis/system_stm32f4xx.o
                0x00000000080017e4                SystemInit
 .text.SystemCoreClockUpdate
                0x0000000008001824       0xa0 ./system/src/cmsis/system_stm32f4xx.o
                0x0000000008001824                SystemCoreClockUpdate
 .text._ZN5stm324GPIOD2Ev
                0x00000000080018c4        0xc ./stm32quick/stm32_gpio.o
                0x00000000080018c4                stm32::GPIO::~GPIO()
                0x00000000080018c4                stm32::GPIO::~GPIO()
 .text._ZN5stm324GPIOD0Ev
                0x00000000080018d0       0x14 ./stm32quick/stm32_gpio.o
                0x00000000080018d0                stm32::GPIO::~GPIO()
 .text._ZN5stm324GPIOC2EP12GPIO_TypeDefm
                0x00000000080018e4       0x28 ./stm32quick/stm32_gpio.o
                0x00000000080018e4                stm32::GPIO::GPIO(GPIO_TypeDef*, unsigned long)
                0x00000000080018e4                stm32::GPIO::GPIO(GPIO_TypeDef*, unsigned long)
 .text._ZN5stm324GPIO6toggleEv
                0x000000000800190c        0xc ./stm32quick/stm32_gpio.o
                0x000000000800190c                stm32::GPIO::toggle()
 .text.SystemClock_Config
                0x0000000008001918       0x98 ./src/_initialize_hardware.o
                0x0000000008001918                SystemClock_Config
 .text.__initialize_hardware
                0x00000000080019b0       0x34 ./src/_initialize_hardware.o
                0x00000000080019b0                __initialize_hardware
 .text._ZNSt16_Sp_counted_baseILN9__gnu_cxx12_Lock_policyE0EE10_M_destroyEv
                0x00000000080019e4       0x10 ./src/main.o
                0x00000000080019e4                std::_Sp_counted_base<(__gnu_cxx::_Lock_policy)0>::_M_destroy()
 .text._ZNSt19_Sp_counted_deleterIPN5stm324GPIOENSt12__shared_ptrIS1_LN9__gnu_cxx12_Lock_policyE0EE8_DeleterISaIS1_EEES8_LS5_0EED2Ev
                0x00000000080019f4        0xc ./src/main.o
                0x00000000080019f4                std::_Sp_counted_deleter<stm32::GPIO*, std::__shared_ptr<stm32::GPIO, (__gnu_cxx::_Lock_policy)0>::_Deleter<std::allocator<stm32::GPIO> >, std::allocator<stm32::GPIO>, (__gnu_cxx::_Lock_policy)0>::~_Sp_counted_deleter()
                0x00000000080019f4                std::_Sp_counted_deleter<stm32::GPIO*, std::__shared_ptr<stm32::GPIO, (__gnu_cxx::_Lock_policy)0>::_Deleter<std::allocator<stm32::GPIO> >, std::allocator<stm32::GPIO>, (__gnu_cxx::_Lock_policy)0>::~_Sp_counted_deleter()
 .text._ZNSt19_Sp_counted_deleterIPN5stm324GPIOENSt12__shared_ptrIS1_LN9__gnu_cxx12_Lock_policyE0EE8_DeleterISaIS1_EEES8_LS5_0EE14_M_get_deleterERKSt9type_info
                0x0000000008001a00        0x4 ./src/main.o
                0x0000000008001a00                std::_Sp_counted_deleter<stm32::GPIO*, std::__shared_ptr<stm32::GPIO, (__gnu_cxx::_Lock_policy)0>::_Deleter<std::allocator<stm32::GPIO> >, std::allocator<stm32::GPIO>, (__gnu_cxx::_Lock_policy)0>::_M_get_deleter(std::type_info const&)
 .text._ZNSt19_Sp_counted_deleterIPN5stm324GPIOENSt12__shared_ptrIS1_LN9__gnu_cxx12_Lock_policyE0EE8_DeleterISaIS1_EEES8_LS5_0EED0Ev
                0x0000000008001a04       0x14 ./src/main.o
                0x0000000008001a04                std::_Sp_counted_deleter<stm32::GPIO*, std::__shared_ptr<stm32::GPIO, (__gnu_cxx::_Lock_policy)0>::_Deleter<std::allocator<stm32::GPIO> >, std::allocator<stm32::GPIO>, (__gnu_cxx::_Lock_policy)0>::~_Sp_counted_deleter()
 .text._ZNSt19_Sp_counted_deleterIPN5stm324GPIOENSt12__shared_ptrIS1_LN9__gnu_cxx12_Lock_policyE0EE8_DeleterISaIS1_EEES8_LS5_0EE10_M_disposeEv
                0x0000000008001a18       0x18 ./src/main.o
                0x0000000008001a18                std::_Sp_counted_deleter<stm32::GPIO*, std::__shared_ptr<stm32::GPIO, (__gnu_cxx::_Lock_policy)0>::_Deleter<std::allocator<stm32::GPIO> >, std::allocator<stm32::GPIO>, (__gnu_cxx::_Lock_policy)0>::_M_dispose()
 .text._ZNSt19_Sp_counted_deleterIPN5stm324GPIOENSt12__shared_ptrIS1_LN9__gnu_cxx12_Lock_policyE0EE8_DeleterISaIS1_EEES8_LS5_0EE10_M_destroyEv
                0x0000000008001a30       0x14 ./src/main.o
                0x0000000008001a30                std::_Sp_counted_deleter<stm32::GPIO*, std::__shared_ptr<stm32::GPIO, (__gnu_cxx::_Lock_policy)0>::_Deleter<std::allocator<stm32::GPIO> >, std::allocator<stm32::GPIO>, (__gnu_cxx::_Lock_policy)0>::_M_destroy()
 .text._ZSt18__allocate_guardedISaIN5stm324GPIOEEESt15__allocated_ptrIT_ERS4_
                0x0000000008001a44       0x14 ./src/main.o
                0x0000000008001a44                std::__allocated_ptr<std::allocator<stm32::GPIO> > std::__allocate_guarded<std::allocator<stm32::GPIO> >(std::allocator<stm32::GPIO>&)
 .text._ZSt18__allocate_guardedISaISt19_Sp_counted_deleterIPN5stm324GPIOENSt12__shared_ptrIS2_LN9__gnu_cxx12_Lock_policyE0EE8_DeleterISaIS2_EEES9_LS6_0EEEESt15__allocated_ptrIT_ERSE_
                0x0000000008001a58       0x14 ./src/main.o
                0x0000000008001a58                std::__allocated_ptr<std::allocator<std::_Sp_counted_deleter<stm32::GPIO*, std::__shared_ptr<stm32::GPIO, (__gnu_cxx::_Lock_policy)0>::_Deleter<std::allocator<stm32::GPIO> >, std::allocator<stm32::GPIO>, (__gnu_cxx::_Lock_policy)0> > > std::__allocate_guarded<std::allocator<std::_Sp_counted_deleter<stm32::GPIO*, std::__shared_ptr<stm32::GPIO, (__gnu_cxx::_Lock_policy)0>::_Deleter<std::allocator<stm32::GPIO> >, std::allocator<stm32::GPIO>, (__gnu_cxx::_Lock_policy)0> > >(std::allocator<std::_Sp_counted_deleter<stm32::GPIO*, std::__shared_ptr<stm32::GPIO, (__gnu_cxx::_Lock_policy)0>::_Deleter<std::allocator<stm32::GPIO> >, std::allocator<stm32::GPIO>, (__gnu_cxx::_Lock_policy)0> >&)
 .text.main     0x0000000008001a6c       0x90 ./src/main.o
                0x0000000008001a6c                main
 .text.HAL_MspInit
                0x0000000008001afc        0x4 ./src/stm32f4xx_hal_msp.o
                0x0000000008001afc                HAL_MspInit
 .text.SysTick_Handler
                0x0000000008001b00        0x8 ./src/timer.o
                0x0000000008001b00                SysTick_Handler
 .text._ZdlPv   0x0000000008001b08        0x4 /Users/yuechuanxu/Projects/gcc-arm-none-eabi-5_4-2016q2/bin/../lib/gcc/arm-none-eabi/5.4.1/../../../../arm-none-eabi/lib/armv7e-m/libstdc++_nano.a(del_op.o)
                0x0000000008001b08                operator delete(void*)
 .text._Znwj    0x0000000008001b0c       0x22 /Users/yuechuanxu/Projects/gcc-arm-none-eabi-5_4-2016q2/bin/../lib/gcc/arm-none-eabi/5.4.1/../../../../arm-none-eabi/lib/armv7e-m/libstdc++_nano.a(new_op.o)
                0x0000000008001b0c                operator new(unsigned int)
 *fill*         0x0000000008001b2e        0x2 
 .text._ZSt15get_new_handlerv
                0x0000000008001b30       0x10 /Users/yuechuanxu/Projects/gcc-arm-none-eabi-5_4-2016q2/bin/../lib/gcc/arm-none-eabi/5.4.1/../../../../arm-none-eabi/lib/armv7e-m/libstdc++_nano.a(new_handler.o)
                0x0000000008001b30                std::get_new_handler()
 .text.__errno  0x0000000008001b40        0xc /Users/yuechuanxu/Projects/gcc-arm-none-eabi-5_4-2016q2/bin/../lib/gcc/arm-none-eabi/5.4.1/../../../../arm-none-eabi/lib/armv7e-m/libg_nano.a(lib_a-errno.o)
                0x0000000008001b40                __errno
 .text._cleanup_r
                0x0000000008001b4c        0xc /Users/yuechuanxu/Projects/gcc-arm-none-eabi-5_4-2016q2/bin/../lib/gcc/arm-none-eabi/5.4.1/../../../../arm-none-eabi/lib/armv7e-m/libg_nano.a(lib_a-findfp.o)
                0x0000000008001b4c                _cleanup_r
 .text.std.isra.0
                0x0000000008001b58       0x48 /Users/yuechuanxu/Projects/gcc-arm-none-eabi-5_4-2016q2/bin/../lib/gcc/arm-none-eabi/5.4.1/../../../../arm-none-eabi/lib/armv7e-m/libg_nano.a(lib_a-findfp.o)
 .text.__sfmoreglue
                0x0000000008001ba0       0x2c /Users/yuechuanxu/Projects/gcc-arm-none-eabi-5_4-2016q2/bin/../lib/gcc/arm-none-eabi/5.4.1/../../../../arm-none-eabi/lib/armv7e-m/libg_nano.a(lib_a-findfp.o)
                0x0000000008001ba0                __sfmoreglue
 .text.__sinit  0x0000000008001bcc       0x60 /Users/yuechuanxu/Projects/gcc-arm-none-eabi-5_4-2016q2/bin/../lib/gcc/arm-none-eabi/5.4.1/../../../../arm-none-eabi/lib/armv7e-m/libg_nano.a(lib_a-findfp.o)
                0x0000000008001bcc                __sinit
 .text.__sfp    0x0000000008001c2c       0x78 /Users/yuechuanxu/Projects/gcc-arm-none-eabi-5_4-2016q2/bin/../lib/gcc/arm-none-eabi/5.4.1/../../../../arm-none-eabi/lib/armv7e-m/libg_nano.a(lib_a-findfp.o)
                0x0000000008001c2c                __sfp
 .text._fwalk_reent
                0x0000000008001ca4       0x3c /Users/yuechuanxu/Projects/gcc-arm-none-eabi-5_4-2016q2/bin/../lib/gcc/arm-none-eabi/5.4.1/../../../../arm-none-eabi/lib/armv7e-m/libg_nano.a(lib_a-fwalk.o)
                0x0000000008001ca4                _fwalk_reent
 .text.malloc   0x0000000008001ce0       0x10 /Users/yuechuanxu/Projects/gcc-arm-none-eabi-5_4-2016q2/bin/../lib/gcc/arm-none-eabi/5.4.1/../../../../arm-none-eabi/lib/armv7e-m/libg_nano.a(lib_a-malloc.o)
                0x0000000008001ce0                malloc
 .text.free     0x0000000008001cf0       0x10 /Users/yuechuanxu/Projects/gcc-arm-none-eabi-5_4-2016q2/bin/../lib/gcc/arm-none-eabi/5.4.1/../../../../arm-none-eabi/lib/armv7e-m/libg_nano.a(lib_a-malloc.o)
                0x0000000008001cf0                free
 .text.memset   0x0000000008001d00       0x10 /Users/yuechuanxu/Projects/gcc-arm-none-eabi-5_4-2016q2/bin/../lib/gcc/arm-none-eabi/5.4.1/../../../../arm-none-eabi/lib/armv7e-m/libg_nano.a(lib_a-memset.o)
                0x0000000008001d00                memset
 .text._free_r  0x0000000008001d10       0x9c /Users/yuechuanxu/Projects/gcc-arm-none-eabi-5_4-2016q2/bin/../lib/gcc/arm-none-eabi/5.4.1/../../../../arm-none-eabi/lib/armv7e-m/libg_nano.a(lib_a-nano-freer.o)
                0x0000000008001d10                _free_r
 .text._malloc_r
                0x0000000008001dac       0xbc /Users/yuechuanxu/Projects/gcc-arm-none-eabi-5_4-2016q2/bin/../lib/gcc/arm-none-eabi/5.4.1/../../../../arm-none-eabi/lib/armv7e-m/libg_nano.a(lib_a-nano-mallocr.o)
                0x0000000008001dac                _malloc_r
 .text._puts_r  0x0000000008001e68       0xb4 /Users/yuechuanxu/Projects/gcc-arm-none-eabi-5_4-2016q2/bin/../lib/gcc/arm-none-eabi/5.4.1/../../../../arm-none-eabi/lib/armv7e-m/libg_nano.a(lib_a-puts.o)
                0x0000000008001e68                _puts_r
 .text.puts     0x0000000008001f1c       0x10 /Users/yuechuanxu/Projects/gcc-arm-none-eabi-5_4-2016q2/bin/../lib/gcc/arm-none-eabi/5.4.1/../../../../arm-none-eabi/lib/armv7e-m/libg_nano.a(lib_a-puts.o)
                0x0000000008001f1c                puts
 .text._sbrk_r  0x0000000008001f2c       0x20 /Users/yuechuanxu/Projects/gcc-arm-none-eabi-5_4-2016q2/bin/../lib/gcc/arm-none-eabi/5.4.1/../../../../arm-none-eabi/lib/armv7e-m/libg_nano.a(lib_a-sbrkr.o)
                0x0000000008001f2c                _sbrk_r
 .text.__sread  0x0000000008001f4c       0x22 /Users/yuechuanxu/Projects/gcc-arm-none-eabi-5_4-2016q2/bin/../lib/gcc/arm-none-eabi/5.4.1/../../../../arm-none-eabi/lib/armv7e-m/libg_nano.a(lib_a-stdio.o)
                0x0000000008001f4c                __sread
 .text.__swrite
                0x0000000008001f6e       0x38 /Users/yuechuanxu/Projects/gcc-arm-none-eabi-5_4-2016q2/bin/../lib/gcc/arm-none-eabi/5.4.1/../../../../arm-none-eabi/lib/armv7e-m/libg_nano.a(lib_a-stdio.o)
                0x0000000008001f6e                __swrite
 .text.__sseek  0x0000000008001fa6       0x24 /Users/yuechuanxu/Projects/gcc-arm-none-eabi-5_4-2016q2/bin/../lib/gcc/arm-none-eabi/5.4.1/../../../../arm-none-eabi/lib/armv7e-m/libg_nano.a(lib_a-stdio.o)
                0x0000000008001fa6                __sseek
 .text.__sclose
                0x0000000008001fca        0x8 /Users/yuechuanxu/Projects/gcc-arm-none-eabi-5_4-2016q2/bin/../lib/gcc/arm-none-eabi/5.4.1/../../../../arm-none-eabi/lib/armv7e-m/libg_nano.a(lib_a-stdio.o)
                0x0000000008001fca                __sclose
 .text          0x0000000008001fd2       0x14 /Users/yuechuanxu/Projects/gcc-arm-none-eabi-5_4-2016q2/bin/../lib/gcc/arm-none-eabi/5.4.1/../../../../arm-none-eabi/lib/armv7e-m/libg_nano.a(lib_a-strcmp.o)
                0x0000000008001fd2                strcmp
 .text          0x0000000008001fe6       0x10 /Users/yuechuanxu/Projects/gcc-arm-none-eabi-5_4-2016q2/bin/../lib/gcc/arm-none-eabi/5.4.1/../../../../arm-none-eabi/lib/armv7e-m/libg_nano.a(lib_a-strlen.o)
                0x0000000008001fe6                strlen
 .text._vsnprintf_r
                0x0000000008001ff6       0x56 /Users/yuechuanxu/Projects/gcc-arm-none-eabi-5_4-2016q2/bin/../lib/gcc/arm-none-eabi/5.4.1/../../../../arm-none-eabi/lib/armv7e-m/libg_nano.a(lib_a-vsnprintf.o)
                0x0000000008001ff6                _vsnprintf_r
                0x0000000008001ff6                _vsniprintf_r
 .text.vsnprintf
                0x000000000800204c       0x1c /Users/yuechuanxu/Projects/gcc-arm-none-eabi-5_4-2016q2/bin/../lib/gcc/arm-none-eabi/5.4.1/../../../../arm-none-eabi/lib/armv7e-m/libg_nano.a(lib_a-vsnprintf.o)
                0x000000000800204c                vsnprintf
                0x000000000800204c                vsniprintf
 .text.__swbuf_r
                0x0000000008002068       0xa8 /Users/yuechuanxu/Projects/gcc-arm-none-eabi-5_4-2016q2/bin/../lib/gcc/arm-none-eabi/5.4.1/../../../../arm-none-eabi/lib/armv7e-m/libg_nano.a(lib_a-wbuf.o)
                0x0000000008002068                __swbuf_r
 .text._write_r
                0x0000000008002110       0x24 /Users/yuechuanxu/Projects/gcc-arm-none-eabi-5_4-2016q2/bin/../lib/gcc/arm-none-eabi/5.4.1/../../../../arm-none-eabi/lib/armv7e-m/libg_nano.a(lib_a-writer.o)
                0x0000000008002110                _write_r
 .text.__swsetup_r
                0x0000000008002134       0xdc /Users/yuechuanxu/Projects/gcc-arm-none-eabi-5_4-2016q2/bin/../lib/gcc/arm-none-eabi/5.4.1/../../../../arm-none-eabi/lib/armv7e-m/libg_nano.a(lib_a-wsetup.o)
                0x0000000008002134                __swsetup_r
 .text._close_r
                0x0000000008002210       0x20 /Users/yuechuanxu/Projects/gcc-arm-none-eabi-5_4-2016q2/bin/../lib/gcc/arm-none-eabi/5.4.1/../../../../arm-none-eabi/lib/armv7e-m/libg_nano.a(lib_a-closer.o)
                0x0000000008002210                _close_r
 .text.__sflush_r
                0x0000000008002230      0x110 /Users/yuechuanxu/Projects/gcc-arm-none-eabi-5_4-2016q2/bin/../lib/gcc/arm-none-eabi/5.4.1/../../../../arm-none-eabi/lib/armv7e-m/libg_nano.a(lib_a-fflush.o)
                0x0000000008002230                __sflush_r
 .text._fflush_r
                0x0000000008002340       0x54 /Users/yuechuanxu/Projects/gcc-arm-none-eabi-5_4-2016q2/bin/../lib/gcc/arm-none-eabi/5.4.1/../../../../arm-none-eabi/lib/armv7e-m/libg_nano.a(lib_a-fflush.o)
                0x0000000008002340                _fflush_r
 .text._lseek_r
                0x0000000008002394       0x24 /Users/yuechuanxu/Projects/gcc-arm-none-eabi-5_4-2016q2/bin/../lib/gcc/arm-none-eabi/5.4.1/../../../../arm-none-eabi/lib/armv7e-m/libg_nano.a(lib_a-lseekr.o)
                0x0000000008002394                _lseek_r
 .text.__swhatbuf_r
                0x00000000080023b8       0x46 /Users/yuechuanxu/Projects/gcc-arm-none-eabi-5_4-2016q2/bin/../lib/gcc/arm-none-eabi/5.4.1/../../../../arm-none-eabi/lib/armv7e-m/libg_nano.a(lib_a-makebuf.o)
                0x00000000080023b8                __swhatbuf_r
 *fill*         0x00000000080023fe        0x2 
 .text.__smakebuf_r
                0x0000000008002400       0x78 /Users/yuechuanxu/Projects/gcc-arm-none-eabi-5_4-2016q2/bin/../lib/gcc/arm-none-eabi/5.4.1/../../../../arm-none-eabi/lib/armv7e-m/libg_nano.a(lib_a-makebuf.o)
                0x0000000008002400                __smakebuf_r
 .text.__malloc_lock
                0x0000000008002478        0x2 /Users/yuechuanxu/Projects/gcc-arm-none-eabi-5_4-2016q2/bin/../lib/gcc/arm-none-eabi/5.4.1/../../../../arm-none-eabi/lib/armv7e-m/libg_nano.a(lib_a-mlock.o)
                0x0000000008002478                __malloc_lock
 .text.__malloc_unlock
                0x000000000800247a        0x2 /Users/yuechuanxu/Projects/gcc-arm-none-eabi-5_4-2016q2/bin/../lib/gcc/arm-none-eabi/5.4.1/../../../../arm-none-eabi/lib/armv7e-m/libg_nano.a(lib_a-mlock.o)
                0x000000000800247a                __malloc_unlock
 .text.__ssputs_r
                0x000000000800247c       0xb2 /Users/yuechuanxu/Projects/gcc-arm-none-eabi-5_4-2016q2/bin/../lib/gcc/arm-none-eabi/5.4.1/../../../../arm-none-eabi/lib/armv7e-m/libg_nano.a(lib_a-nano-svfprintf.o)
                0x000000000800247c                __ssputs_r
 *fill*         0x000000000800252e        0x2 
 .text._svfprintf_r
                0x0000000008002530      0x1e8 /Users/yuechuanxu/Projects/gcc-arm-none-eabi-5_4-2016q2/bin/../lib/gcc/arm-none-eabi/5.4.1/../../../../arm-none-eabi/lib/armv7e-m/libg_nano.a(lib_a-nano-svfprintf.o)
                0x0000000008002530                _svfprintf_r
                0x0000000008002530                _svfiprintf_r
 .text._printf_common
                0x0000000008002718       0xec /Users/yuechuanxu/Projects/gcc-arm-none-eabi-5_4-2016q2/bin/../lib/gcc/arm-none-eabi/5.4.1/../../../../arm-none-eabi/lib/armv7e-m/libg_nano.a(lib_a-nano-vfprintf_i.o)
                0x0000000008002718                _printf_common
 .text._printf_i
                0x0000000008002804      0x24c /Users/yuechuanxu/Projects/gcc-arm-none-eabi-5_4-2016q2/bin/../lib/gcc/arm-none-eabi/5.4.1/../../../../arm-none-eabi/lib/armv7e-m/libg_nano.a(lib_a-nano-vfprintf_i.o)
                0x0000000008002804                _printf_i
 .text._read_r  0x0000000008002a50       0x24 /Users/yuechuanxu/Projects/gcc-arm-none-eabi-5_4-2016q2/bin/../lib/gcc/arm-none-eabi/5.4.1/../../../../arm-none-eabi/lib/armv7e-m/libg_nano.a(lib_a-readr.o)
                0x0000000008002a50                _read_r
 .text._fstat_r
                0x0000000008002a74       0x24 /Users/yuechuanxu/Projects/gcc-arm-none-eabi-5_4-2016q2/bin/../lib/gcc/arm-none-eabi/5.4.1/../../../../arm-none-eabi/lib/armv7e-m/libg_nano.a(lib_a-fstatr.o)
                0x0000000008002a74                _fstat_r
 .text._isatty_r
                0x0000000008002a98       0x20 /Users/yuechuanxu/Projects/gcc-arm-none-eabi-5_4-2016q2/bin/../lib/gcc/arm-none-eabi/5.4.1/../../../../arm-none-eabi/lib/armv7e-m/libg_nano.a(lib_a-isattyr.o)
                0x0000000008002a98                _isatty_r
 *fill*         0x0000000008002ab8        0x8 
 .text          0x0000000008002ac0       0xa0 /Users/yuechuanxu/Projects/gcc-arm-none-eabi-5_4-2016q2/bin/../lib/gcc/arm-none-eabi/5.4.1/../../../../arm-none-eabi/lib/armv7e-m/libg_nano.a(lib_a-memchr.o)
                0x0000000008002ac0                memchr
 .text.memcpy   0x0000000008002b60       0x16 /Users/yuechuanxu/Projects/gcc-arm-none-eabi-5_4-2016q2/bin/../lib/gcc/arm-none-eabi/5.4.1/../../../../arm-none-eabi/lib/armv7e-m/libg_nano.a(lib_a-memcpy-stub.o)
                0x0000000008002b60                memcpy
 .text.memmove  0x0000000008002b76       0x36 /Users/yuechuanxu/Projects/gcc-arm-none-eabi-5_4-2016q2/bin/../lib/gcc/arm-none-eabi/5.4.1/../../../../arm-none-eabi/lib/armv7e-m/libg_nano.a(lib_a-memmove.o)
                0x0000000008002b76                memmove
 .text._realloc_r
                0x0000000008002bac       0x4c /Users/yuechuanxu/Projects/gcc-arm-none-eabi-5_4-2016q2/bin/../lib/gcc/arm-none-eabi/5.4.1/../../../../arm-none-eabi/lib/armv7e-m/libg_nano.a(lib_a-nano-reallocr.o)
                0x0000000008002bac                _realloc_r
 .text._malloc_usable_size_r
                0x0000000008002bf8       0x14 /Users/yuechuanxu/Projects/gcc-arm-none-eabi-5_4-2016q2/bin/../lib/gcc/arm-none-eabi/5.4.1/../../../../arm-none-eabi/lib/armv7e-m/libg_nano.a(lib_a-nano-msizer.o)
                0x0000000008002bf8                _malloc_usable_size_r
 *(.rodata .rodata.* .constdata .constdata.*)
 .rodata.str1.4
                0x0000000008002c0c       0x31 ./system/src/stm32f4-hal/stm32f4xx_hal_cortex.o
 *fill*         0x0000000008002c3d        0x3 
 .rodata.str1.4
                0x0000000008002c40       0x2f ./system/src/stm32f4-hal/stm32f4xx_hal_gpio.o
 *fill*         0x0000000008002c6f        0x1 
 .rodata.APBAHBPrescTable
                0x0000000008002c70       0x10 ./system/src/stm32f4-hal/stm32f4xx_hal_rcc.o
                0x0000000008002c70                APBAHBPrescTable
 .rodata.str1.4
                0x0000000008002c80       0x2e ./system/src/stm32f4-hal/stm32f4xx_hal_rcc.o
 *fill*         0x0000000008002cae        0x2 
 .rodata._ZZ18__cxa_pure_virtualE8__func__
                0x0000000008002cb0       0x13 ./system/src/newlib/_cxx.o
 *fill*         0x0000000008002cc3        0x1 
 .rodata.str1.4
                0x0000000008002cc4       0x14 ./system/src/newlib/_exit.o
 .rodata.str1.4
                0x0000000008002cd8        0x9 ./system/src/newlib/_syscalls.o
 *fill*         0x0000000008002ce1        0x3 
 .rodata.str1.4
                0x0000000008002ce4       0x6b ./system/src/newlib/assert.o
                                         0x6f (size before relaxing)
 *fill*         0x0000000008002d4f        0x1 
 .rodata.str1.4
                0x0000000008002d50       0x29 ./system/src/diag/Trace.o
                                         0x2d (size before relaxing)
 *fill*         0x0000000008002d79        0x3 
 .rodata.str1.4
                0x0000000008002d7c      0x146 ./system/src/cortexm/exception_handlers.o
                                        0x14a (size before relaxing)
 *fill*         0x0000000008002ec2        0x2 
 .rodata.AHBPrescTable
                0x0000000008002ec4       0x10 ./system/src/cmsis/system_stm32f4xx.o
                0x0000000008002ec4                AHBPrescTable
 .rodata._ZTVN5stm324GPIOE
                0x0000000008002ed4       0x10 ./stm32quick/stm32_gpio.o
                0x0000000008002ed4                vtable for stm32::GPIO
 .rodata._ZTVSt16_Sp_counted_baseILN9__gnu_cxx12_Lock_policyE0EE
                0x0000000008002ee4       0x1c ./src/main.o
                0x0000000008002ee4                vtable for std::_Sp_counted_base<(__gnu_cxx::_Lock_policy)0>
 .rodata._ZTVSt19_Sp_counted_deleterIPN5stm324GPIOENSt12__shared_ptrIS1_LN9__gnu_cxx12_Lock_policyE0EE8_DeleterISaIS1_EEES8_LS5_0EE
                0x0000000008002f00       0x1c ./src/main.o
                0x0000000008002f00                vtable for std::_Sp_counted_deleter<stm32::GPIO*, std::__shared_ptr<stm32::GPIO, (__gnu_cxx::_Lock_policy)0>::_Deleter<std::allocator<stm32::GPIO> >, std::allocator<stm32::GPIO>, (__gnu_cxx::_Lock_policy)0>
 .rodata.str1.4
                0x0000000008002f1c        0x8 ./src/main.o
                                          0x5 (size before relaxing)
 .rodata._ctype_
                0x0000000008002f24      0x101 /Users/yuechuanxu/Projects/gcc-arm-none-eabi-5_4-2016q2/bin/../lib/gcc/arm-none-eabi/5.4.1/../../../../arm-none-eabi/lib/armv7e-m/libg_nano.a(lib_a-ctype_.o)
                0x0000000008002f24                _ctype_
 *fill*         0x0000000008003025        0x3 
 .rodata.__sf_fake_stdin
                0x0000000008003028       0x20 /Users/yuechuanxu/Projects/gcc-arm-none-eabi-5_4-2016q2/bin/../lib/gcc/arm-none-eabi/5.4.1/../../../../arm-none-eabi/lib/armv7e-m/libg_nano.a(lib_a-findfp.o)
                0x0000000008003028                __sf_fake_stdin
 .rodata.__sf_fake_stdout
                0x0000000008003048       0x20 /Users/yuechuanxu/Projects/gcc-arm-none-eabi-5_4-2016q2/bin/../lib/gcc/arm-none-eabi/5.4.1/../../../../arm-none-eabi/lib/armv7e-m/libg_nano.a(lib_a-findfp.o)
                0x0000000008003048                __sf_fake_stdout
 .rodata.__sf_fake_stderr
                0x0000000008003068       0x20 /Users/yuechuanxu/Projects/gcc-arm-none-eabi-5_4-2016q2/bin/../lib/gcc/arm-none-eabi/5.4.1/../../../../arm-none-eabi/lib/armv7e-m/libg_nano.a(lib_a-findfp.o)
                0x0000000008003068                __sf_fake_stderr
 .rodata.str1.1
                0x0000000008003088        0x2 /Users/yuechuanxu/Projects/gcc-arm-none-eabi-5_4-2016q2/bin/../lib/gcc/arm-none-eabi/5.4.1/../../../../arm-none-eabi/lib/armv7e-m/libg_nano.a(lib_a-impure.o)
 *fill*         0x000000000800308a        0x2 
 .rodata._global_impure_ptr
                0x000000000800308c        0x4 /Users/yuechuanxu/Projects/gcc-arm-none-eabi-5_4-2016q2/bin/../lib/gcc/arm-none-eabi/5.4.1/../../../../arm-none-eabi/lib/armv7e-m/libg_nano.a(lib_a-impure.o)
                0x000000000800308c                _global_impure_ptr
 .rodata.str1.1
                0x0000000008003090       0x11 /Users/yuechuanxu/Projects/gcc-arm-none-eabi-5_4-2016q2/bin/../lib/gcc/arm-none-eabi/5.4.1/../../../../arm-none-eabi/lib/armv7e-m/libg_nano.a(lib_a-nano-svfprintf.o)
 .rodata.str1.1
                0x00000000080030a1       0x22 /Users/yuechuanxu/Projects/gcc-arm-none-eabi-5_4-2016q2/bin/../lib/gcc/arm-none-eabi/5.4.1/../../../../arm-none-eabi/lib/armv7e-m/libg_nano.a(lib_a-nano-vfprintf_i.o)
 *(vtable)
 *(.eh_frame*)
 *(.glue_7)
 .glue_7        0x00000000080030c3        0x0 linker stubs
 *(.glue_7t)
 .glue_7t       0x00000000080030c3        0x0 linker stubs

.vfp11_veneer   0x00000000080030c4        0x0
 .vfp11_veneer  0x00000000080030c4        0x0 linker stubs

.v4_bx          0x00000000080030c4        0x0
 .v4_bx         0x00000000080030c4        0x0 linker stubs

.iplt           0x00000000080030c4        0x0
 .iplt          0x00000000080030c4        0x0 ./system/src/stm32f4-hal/stm32f4xx_hal.o

.rel.dyn        0x00000000080030c4        0x0
 .rel.iplt      0x00000000080030c4        0x0 ./system/src/stm32f4-hal/stm32f4xx_hal.o

.ARM.extab
 *(.ARM.extab* .gnu.linkonce.armextab.*)
                0x00000000080030c4                . = ALIGN (0x4)
                0x00000000080030c4                __exidx_start = .

.ARM.exidx
 *(.ARM.exidx* .gnu.linkonce.armexidx.*)
                0x00000000080030c4                __exidx_end = .
                0x00000000080030c4                . = ALIGN (0x4)
                0x00000000080030c4                _etext = .
                0x00000000080030c4                __etext = .

.data_CCMRAM    0x0000000010000000        0x0 load address 0x00000000080030c4
 FILL mask 0xff
 *(.data.CCMRAM .data.CCMRAM.*)
                0x0000000010000000                . = ALIGN (0x4)
                0x00000000080030c4                _sidata = LOADADDR (.data)

.data           0x0000000020000000       0x74 load address 0x00000000080030c4
 FILL mask 0xff
                0x0000000020000000                _sdata = .
                0x0000000020000000                __data_start__ = .
 *(.data_begin .data_begin.*)
 .data_begin    0x0000000020000000        0x4 ./system/src/newlib/_startup.o
 *(.data .data.*)
 .data.SystemCoreClock
                0x0000000020000004        0x4 ./system/src/cmsis/system_stm32f4xx.o
                0x0000000020000004                SystemCoreClock
 .data.__ctype_ptr__
                0x0000000020000008        0x4 /Users/yuechuanxu/Projects/gcc-arm-none-eabi-5_4-2016q2/bin/../lib/gcc/arm-none-eabi/5.4.1/../../../../arm-none-eabi/lib/armv7e-m/libg_nano.a(lib_a-ctype_.o)
                0x0000000020000008                __ctype_ptr__
 .data.impure_data
                0x000000002000000c       0x60 /Users/yuechuanxu/Projects/gcc-arm-none-eabi-5_4-2016q2/bin/../lib/gcc/arm-none-eabi/5.4.1/../../../../arm-none-eabi/lib/armv7e-m/libg_nano.a(lib_a-impure.o)
 .data._impure_ptr
                0x000000002000006c        0x4 /Users/yuechuanxu/Projects/gcc-arm-none-eabi-5_4-2016q2/bin/../lib/gcc/arm-none-eabi/5.4.1/../../../../arm-none-eabi/lib/armv7e-m/libg_nano.a(lib_a-impure.o)
                0x000000002000006c                _impure_ptr
 *(.data_end .data_end.*)
 .data_end      0x0000000020000070        0x4 ./system/src/newlib/_startup.o
                0x0000000020000074                . = ALIGN (0x4)
                0x0000000020000074                _edata = .
                0x0000000020000074                __data_end__ = .

.igot.plt       0x0000000020000074        0x0 load address 0x0000000008003138
 .igot.plt      0x0000000020000074        0x0 ./system/src/stm32f4-hal/stm32f4xx_hal.o

.bss_CCMRAM     0x0000000010000000        0x0
 *(.bss.CCMRAM .bss.CCMRAM.*)

.bss            0x0000000020000074      0x1c4
                0x0000000020000074                __bss_start__ = .
                0x0000000020000074                _sbss = .
 *(.bss_begin .bss_begin.*)
 .bss_begin     0x0000000020000074        0x4 ./system/src/newlib/_startup.o
 *(.bss .bss.*)
 .bss.current_heap_end.4453
                0x0000000020000078        0x4 ./system/src/newlib/_sbrk.o
 .bss.monitor_stdout
                0x000000002000007c        0x4 ./system/src/newlib/_syscalls.o
 .bss.monitor_stdin
                0x0000000020000080        0x4 ./system/src/newlib/_syscalls.o
 .bss.argv_buf.6236
                0x0000000020000084       0x28 ./system/src/newlib/_syscalls.o
 .bss.monitor_stderr
                0x00000000200000ac        0x4 ./system/src/newlib/_syscalls.o
 .bss.args_buf.6235
                0x00000000200000b0       0x50 ./system/src/newlib/_syscalls.o
 .bss.openfiles
                0x0000000020000100       0xa0 ./system/src/newlib/_syscalls.o
 .bss.buf.5645  0x00000000200001a0       0x80 ./system/src/diag/Trace.o
 .bss._ZN12_GLOBAL__N_113__new_handlerE
                0x0000000020000220        0x4 /Users/yuechuanxu/Projects/gcc-arm-none-eabi-5_4-2016q2/bin/../lib/gcc/arm-none-eabi/5.4.1/../../../../arm-none-eabi/lib/armv7e-m/libstdc++_nano.a(new_handler.o)
 .bss.__malloc_sbrk_start
                0x0000000020000224        0x4 /Users/yuechuanxu/Projects/gcc-arm-none-eabi-5_4-2016q2/bin/../lib/gcc/arm-none-eabi/5.4.1/../../../../arm-none-eabi/lib/armv7e-m/libg_nano.a(lib_a-nano-mallocr.o)
                0x0000000020000224                __malloc_sbrk_start
 .bss.__malloc_free_list
                0x0000000020000228        0x4 /Users/yuechuanxu/Projects/gcc-arm-none-eabi-5_4-2016q2/bin/../lib/gcc/arm-none-eabi/5.4.1/../../../../arm-none-eabi/lib/armv7e-m/libg_nano.a(lib_a-nano-mallocr.o)
                0x0000000020000228                __malloc_free_list
 *(COMMON)
 COMMON         0x000000002000022c        0x4 ./system/src/stm32f4-hal/stm32f4xx_hal.o
                0x000000002000022c                uwTick
 COMMON         0x0000000020000230        0x4 ./system/src/newlib/_syscalls.o
                0x0000000020000230                errno
 *(.bss_end .bss_end.*)
 .bss_end       0x0000000020000234        0x4 ./system/src/newlib/_startup.o
                0x0000000020000238                . = ALIGN (0x4)
                0x0000000020000238                __bss_end__ = .
                0x0000000020000238                _ebss = .

.noinit_CCMRAM
 *(.noinit.CCMRAM .noinit.CCMRAM.*)

.noinit         0x0000000020000238        0x0
                0x0000000020000238                _noinit = .
 *(.noinit .noinit.*)
                0x0000000020000238                . = ALIGN (0x4)
                0x0000000020000238                _end_noinit = .
                [!provide]                        PROVIDE (end, _end_noinit)
                [!provide]                        PROVIDE (_end, _end_noinit)
                [!provide]                        PROVIDE (__end, _end_noinit)
                [!provide]                        PROVIDE (__end__, _end_noinit)

._check_stack   0x0000000020000238      0x100
                0x0000000020000338                . = (. + _Minimum_Stack_Size)
 *fill*         0x0000000020000238      0x100 

.b1text
 *(.b1text)
 *(.b1rodata)
 *(.b1rodata.*)

.eb0text
 *(.eb0text)
 *(.eb0rodata)
 *(.eb0rodata.*)

.eb1text
 *(.eb1text)
 *(.eb1rodata)
 *(.eb1rodata.*)

.eb2text
 *(.eb2text)
 *(.eb2rodata)
 *(.eb2rodata.*)

.eb3text
 *(.eb3text)
 *(.eb3rodata)
 *(.eb3rodata.*)

.stab
 *(.stab)

.stabstr
 *(.stabstr)

.stab.excl
 *(.stab.excl)

.stab.exclstr
 *(.stab.exclstr)

.stab.index
 *(.stab.index)

.stab.indexstr
 *(.stab.indexstr)

.comment        0x0000000000000000       0x6e
 *(.comment)
 .comment       0x0000000000000000       0x6e ./system/src/stm32f4-hal/stm32f4xx_hal.o
                                         0x6f (size before relaxing)
 .comment       0x000000000000006e       0x6f ./system/src/stm32f4-hal/stm32f4xx_hal_cortex.o
 .comment       0x000000000000006e       0x6f ./system/src/stm32f4-hal/stm32f4xx_hal_gpio.o
 .comment       0x000000000000006e       0x6f ./system/src/stm32f4-hal/stm32f4xx_hal_rcc.o
 .comment       0x000000000000006e       0x6f ./system/src/newlib/_cxx.o
 .comment       0x000000000000006e       0x6f ./system/src/newlib/_exit.o
 .comment       0x000000000000006e       0x6f ./system/src/newlib/_sbrk.o
 .comment       0x000000000000006e       0x6f ./system/src/newlib/_startup.o
 .comment       0x000000000000006e       0x6f ./system/src/newlib/_syscalls.o
 .comment       0x000000000000006e       0x6f ./system/src/newlib/assert.o
 .comment       0x000000000000006e       0x6f ./system/src/diag/Trace.o
 .comment       0x000000000000006e       0x6f ./system/src/diag/trace_impl.o
 .comment       0x000000000000006e       0x6f ./system/src/cortexm/_initialize_hardware.o
 .comment       0x000000000000006e       0x6f ./system/src/cortexm/exception_handlers.o
 .comment       0x000000000000006e       0x6f ./system/src/cmsis/system_stm32f4xx.o
 .comment       0x000000000000006e       0x6f ./system/src/cmsis/vectors_stm32f401xe.o
 .comment       0x000000000000006e       0x6f ./stm32quick/stm32_gpio.o
 .comment       0x000000000000006e       0x6f ./src/_initialize_hardware.o
 .comment       0x000000000000006e       0x6f ./src/main.o
 .comment       0x000000000000006e       0x6f ./src/stm32f4xx_hal_msp.o
 .comment       0x000000000000006e       0x6f ./src/timer.o

.ARM.attributes
                0x0000000000000000       0x31
 .ARM.attributes
                0x0000000000000000       0x33 ./system/src/stm32f4-hal/stm32f4xx_hal.o
 .ARM.attributes
                0x0000000000000033       0x33 ./system/src/stm32f4-hal/stm32f4xx_hal_cortex.o
 .ARM.attributes
                0x0000000000000066       0x33 ./system/src/stm32f4-hal/stm32f4xx_hal_gpio.o
 .ARM.attributes
                0x0000000000000099       0x33 ./system/src/stm32f4-hal/stm32f4xx_hal_rcc.o
 .ARM.attributes
                0x00000000000000cc       0x33 ./system/src/newlib/_cxx.o
 .ARM.attributes
                0x00000000000000ff       0x33 ./system/src/newlib/_exit.o
 .ARM.attributes
                0x0000000000000132       0x33 ./system/src/newlib/_sbrk.o
 .ARM.attributes
                0x0000000000000165       0x33 ./system/src/newlib/_startup.o
 .ARM.attributes
                0x0000000000000198       0x33 ./system/src/newlib/_syscalls.o
 .ARM.attributes
                0x00000000000001cb       0x33 ./system/src/newlib/assert.o
 .ARM.attributes
                0x00000000000001fe       0x33 ./system/src/diag/Trace.o
 .ARM.attributes
                0x0000000000000231       0x33 ./system/src/diag/trace_impl.o
 .ARM.attributes
                0x0000000000000264       0x33 ./system/src/cortexm/_initialize_hardware.o
 .ARM.attributes
                0x0000000000000297       0x33 ./system/src/cortexm/exception_handlers.o
 .ARM.attributes
                0x00000000000002ca       0x33 ./system/src/cmsis/system_stm32f4xx.o
 .ARM.attributes
                0x00000000000002fd       0x33 ./system/src/cmsis/vectors_stm32f401xe.o
 .ARM.attributes
                0x0000000000000330       0x33 ./stm32quick/stm32_gpio.o
 .ARM.attributes
                0x0000000000000363       0x33 ./src/_initialize_hardware.o
 .ARM.attributes
                0x0000000000000396       0x33 ./src/main.o
 .ARM.attributes
                0x00000000000003c9       0x33 ./src/stm32f4xx_hal_msp.o
 .ARM.attributes
                0x00000000000003fc       0x33 ./src/timer.o
 .ARM.attributes
                0x000000000000042f       0x2e /Users/yuechuanxu/Projects/gcc-arm-none-eabi-5_4-2016q2/bin/../lib/gcc/arm-none-eabi/5.4.1/../../../../arm-none-eabi/lib/armv7e-m/libstdc++_nano.a(del_op.o)
 .ARM.attributes
                0x000000000000045d       0x2e /Users/yuechuanxu/Projects/gcc-arm-none-eabi-5_4-2016q2/bin/../lib/gcc/arm-none-eabi/5.4.1/../../../../arm-none-eabi/lib/armv7e-m/libstdc++_nano.a(new_op.o)
 .ARM.attributes
                0x000000000000048b       0x2e /Users/yuechuanxu/Projects/gcc-arm-none-eabi-5_4-2016q2/bin/../lib/gcc/arm-none-eabi/5.4.1/../../../../arm-none-eabi/lib/armv7e-m/libstdc++_nano.a(new_handler.o)
 .ARM.attributes
                0x00000000000004b9       0x2e /Users/yuechuanxu/Projects/gcc-arm-none-eabi-5_4-2016q2/bin/../lib/gcc/arm-none-eabi/5.4.1/../../../../arm-none-eabi/lib/armv7e-m/libg_nano.a(lib_a-ctype_.o)
 .ARM.attributes
                0x00000000000004e7       0x2e /Users/yuechuanxu/Projects/gcc-arm-none-eabi-5_4-2016q2/bin/../lib/gcc/arm-none-eabi/5.4.1/../../../../arm-none-eabi/lib/armv7e-m/libg_nano.a(lib_a-errno.o)
 .ARM.attributes
                0x0000000000000515       0x2e /Users/yuechuanxu/Projects/gcc-arm-none-eabi-5_4-2016q2/bin/../lib/gcc/arm-none-eabi/5.4.1/../../../../arm-none-eabi/lib/armv7e-m/libg_nano.a(lib_a-findfp.o)
 .ARM.attributes
                0x0000000000000543       0x2e /Users/yuechuanxu/Projects/gcc-arm-none-eabi-5_4-2016q2/bin/../lib/gcc/arm-none-eabi/5.4.1/../../../../arm-none-eabi/lib/armv7e-m/libg_nano.a(lib_a-fwalk.o)
 .ARM.attributes
                0x0000000000000571       0x2e /Users/yuechuanxu/Projects/gcc-arm-none-eabi-5_4-2016q2/bin/../lib/gcc/arm-none-eabi/5.4.1/../../../../arm-none-eabi/lib/armv7e-m/libg_nano.a(lib_a-impure.o)
 .ARM.attributes
                0x000000000000059f       0x2e /Users/yuechuanxu/Projects/gcc-arm-none-eabi-5_4-2016q2/bin/../lib/gcc/arm-none-eabi/5.4.1/../../../../arm-none-eabi/lib/armv7e-m/libg_nano.a(lib_a-malloc.o)
 .ARM.attributes
                0x00000000000005cd       0x2e /Users/yuechuanxu/Projects/gcc-arm-none-eabi-5_4-2016q2/bin/../lib/gcc/arm-none-eabi/5.4.1/../../../../arm-none-eabi/lib/armv7e-m/libg_nano.a(lib_a-memset.o)
 .ARM.attributes
                0x00000000000005fb       0x2e /Users/yuechuanxu/Projects/gcc-arm-none-eabi-5_4-2016q2/bin/../lib/gcc/arm-none-eabi/5.4.1/../../../../arm-none-eabi/lib/armv7e-m/libg_nano.a(lib_a-nano-freer.o)
 .ARM.attributes
                0x0000000000000629       0x2e /Users/yuechuanxu/Projects/gcc-arm-none-eabi-5_4-2016q2/bin/../lib/gcc/arm-none-eabi/5.4.1/../../../../arm-none-eabi/lib/armv7e-m/libg_nano.a(lib_a-nano-mallocr.o)
 .ARM.attributes
                0x0000000000000657       0x2e /Users/yuechuanxu/Projects/gcc-arm-none-eabi-5_4-2016q2/bin/../lib/gcc/arm-none-eabi/5.4.1/../../../../arm-none-eabi/lib/armv7e-m/libg_nano.a(lib_a-puts.o)
 .ARM.attributes
                0x0000000000000685       0x2e /Users/yuechuanxu/Projects/gcc-arm-none-eabi-5_4-2016q2/bin/../lib/gcc/arm-none-eabi/5.4.1/../../../../arm-none-eabi/lib/armv7e-m/libg_nano.a(lib_a-sbrkr.o)
 .ARM.attributes
                0x00000000000006b3       0x2e /Users/yuechuanxu/Projects/gcc-arm-none-eabi-5_4-2016q2/bin/../lib/gcc/arm-none-eabi/5.4.1/../../../../arm-none-eabi/lib/armv7e-m/libg_nano.a(lib_a-stdio.o)
 .ARM.attributes
                0x00000000000006e1       0x1c /Users/yuechuanxu/Projects/gcc-arm-none-eabi-5_4-2016q2/bin/../lib/gcc/arm-none-eabi/5.4.1/../../../../arm-none-eabi/lib/armv7e-m/libg_nano.a(lib_a-strcmp.o)
 .ARM.attributes
                0x00000000000006fd       0x17 /Users/yuechuanxu/Projects/gcc-arm-none-eabi-5_4-2016q2/bin/../lib/gcc/arm-none-eabi/5.4.1/../../../../arm-none-eabi/lib/armv7e-m/libg_nano.a(lib_a-strlen.o)
 .ARM.attributes
                0x0000000000000714       0x2e /Users/yuechuanxu/Projects/gcc-arm-none-eabi-5_4-2016q2/bin/../lib/gcc/arm-none-eabi/5.4.1/../../../../arm-none-eabi/lib/armv7e-m/libg_nano.a(lib_a-vsnprintf.o)
 .ARM.attributes
                0x0000000000000742       0x2e /Users/yuechuanxu/Projects/gcc-arm-none-eabi-5_4-2016q2/bin/../lib/gcc/arm-none-eabi/5.4.1/../../../../arm-none-eabi/lib/armv7e-m/libg_nano.a(lib_a-wbuf.o)
 .ARM.attributes
                0x0000000000000770       0x2e /Users/yuechuanxu/Projects/gcc-arm-none-eabi-5_4-2016q2/bin/../lib/gcc/arm-none-eabi/5.4.1/../../../../arm-none-eabi/lib/armv7e-m/libg_nano.a(lib_a-writer.o)
 .ARM.attributes
                0x000000000000079e       0x2e /Users/yuechuanxu/Projects/gcc-arm-none-eabi-5_4-2016q2/bin/../lib/gcc/arm-none-eabi/5.4.1/../../../../arm-none-eabi/lib/armv7e-m/libg_nano.a(lib_a-wsetup.o)
 .ARM.attributes
                0x00000000000007cc       0x2e /Users/yuechuanxu/Projects/gcc-arm-none-eabi-5_4-2016q2/bin/../lib/gcc/arm-none-eabi/5.4.1/../../../../arm-none-eabi/lib/armv7e-m/libg_nano.a(lib_a-closer.o)
 .ARM.attributes
                0x00000000000007fa       0x2e /Users/yuechuanxu/Projects/gcc-arm-none-eabi-5_4-2016q2/bin/../lib/gcc/arm-none-eabi/5.4.1/../../../../arm-none-eabi/lib/armv7e-m/libg_nano.a(lib_a-fflush.o)
 .ARM.attributes
                0x0000000000000828       0x2e /Users/yuechuanxu/Projects/gcc-arm-none-eabi-5_4-2016q2/bin/../lib/gcc/arm-none-eabi/5.4.1/../../../../arm-none-eabi/lib/armv7e-m/libg_nano.a(lib_a-lseekr.o)
 .ARM.attributes
                0x0000000000000856       0x2e /Users/yuechuanxu/Projects/gcc-arm-none-eabi-5_4-2016q2/bin/../lib/gcc/arm-none-eabi/5.4.1/../../../../arm-none-eabi/lib/armv7e-m/libg_nano.a(lib_a-makebuf.o)
 .ARM.attributes
                0x0000000000000884       0x2e /Users/yuechuanxu/Projects/gcc-arm-none-eabi-5_4-2016q2/bin/../lib/gcc/arm-none-eabi/5.4.1/../../../../arm-none-eabi/lib/armv7e-m/libg_nano.a(lib_a-mlock.o)
 .ARM.attributes
                0x00000000000008b2       0x2e /Users/yuechuanxu/Projects/gcc-arm-none-eabi-5_4-2016q2/bin/../lib/gcc/arm-none-eabi/5.4.1/../../../../arm-none-eabi/lib/armv7e-m/libg_nano.a(lib_a-nano-svfprintf.o)
 .ARM.attributes
                0x00000000000008e0       0x2e /Users/yuechuanxu/Projects/gcc-arm-none-eabi-5_4-2016q2/bin/../lib/gcc/arm-none-eabi/5.4.1/../../../../arm-none-eabi/lib/armv7e-m/libg_nano.a(lib_a-nano-vfprintf_i.o)
 .ARM.attributes
                0x000000000000090e       0x2e /Users/yuechuanxu/Projects/gcc-arm-none-eabi-5_4-2016q2/bin/../lib/gcc/arm-none-eabi/5.4.1/../../../../arm-none-eabi/lib/armv7e-m/libg_nano.a(lib_a-readr.o)
 .ARM.attributes
                0x000000000000093c       0x2e /Users/yuechuanxu/Projects/gcc-arm-none-eabi-5_4-2016q2/bin/../lib/gcc/arm-none-eabi/5.4.1/../../../../arm-none-eabi/lib/armv7e-m/libg_nano.a(lib_a-fstatr.o)
 .ARM.attributes
                0x000000000000096a       0x2e /Users/yuechuanxu/Projects/gcc-arm-none-eabi-5_4-2016q2/bin/../lib/gcc/arm-none-eabi/5.4.1/../../../../arm-none-eabi/lib/armv7e-m/libg_nano.a(lib_a-isattyr.o)
 .ARM.attributes
                0x0000000000000998       0x1c /Users/yuechuanxu/Projects/gcc-arm-none-eabi-5_4-2016q2/bin/../lib/gcc/arm-none-eabi/5.4.1/../../../../arm-none-eabi/lib/armv7e-m/libg_nano.a(lib_a-memchr.o)
 .ARM.attributes
                0x00000000000009b4       0x2e /Users/yuechuanxu/Projects/gcc-arm-none-eabi-5_4-2016q2/bin/../lib/gcc/arm-none-eabi/5.4.1/../../../../arm-none-eabi/lib/armv7e-m/libg_nano.a(lib_a-memcpy-stub.o)
 .ARM.attributes
                0x00000000000009e2       0x2e /Users/yuechuanxu/Projects/gcc-arm-none-eabi-5_4-2016q2/bin/../lib/gcc/arm-none-eabi/5.4.1/../../../../arm-none-eabi/lib/armv7e-m/libg_nano.a(lib_a-memmove.o)
 .ARM.attributes
                0x0000000000000a10       0x2e /Users/yuechuanxu/Projects/gcc-arm-none-eabi-5_4-2016q2/bin/../lib/gcc/arm-none-eabi/5.4.1/../../../../arm-none-eabi/lib/armv7e-m/libg_nano.a(lib_a-nano-reallocr.o)
 .ARM.attributes
                0x0000000000000a3e       0x2e /Users/yuechuanxu/Projects/gcc-arm-none-eabi-5_4-2016q2/bin/../lib/gcc/arm-none-eabi/5.4.1/../../../../arm-none-eabi/lib/armv7e-m/libg_nano.a(lib_a-nano-msizer.o)

.debug
 *(.debug)

.line
 *(.line)

.debug_srcinfo
 *(.debug_srcinfo)

.debug_sfnames
 *(.debug_sfnames)

.debug_aranges  0x0000000000000000      0x6b0
 *(.debug_aranges)
 .debug_aranges
                0x0000000000000000       0xc0 ./system/src/stm32f4-hal/stm32f4xx_hal.o
 .debug_aranges
                0x00000000000000c0       0x98 ./system/src/stm32f4-hal/stm32f4xx_hal_cortex.o
 .debug_aranges
                0x0000000000000158       0x58 ./system/src/stm32f4-hal/stm32f4xx_hal_gpio.o
 .debug_aranges
                0x00000000000001b0       0x88 ./system/src/stm32f4-hal/stm32f4xx_hal_rcc.o
 .debug_aranges
                0x0000000000000238       0x28 ./system/src/newlib/_cxx.o
 .debug_aranges
                0x0000000000000260       0x28 ./system/src/newlib/_exit.o
 .debug_aranges
                0x0000000000000288       0x20 ./system/src/newlib/_sbrk.o
 .debug_aranges
                0x00000000000002a8       0x40 ./system/src/newlib/_startup.o
 .debug_aranges
                0x00000000000002e8      0x120 ./system/src/newlib/_syscalls.o
 .debug_aranges
                0x0000000000000408       0x28 ./system/src/newlib/assert.o
 .debug_aranges
                0x0000000000000430       0x38 ./system/src/diag/Trace.o
 .debug_aranges
                0x0000000000000468       0x30 ./system/src/diag/trace_impl.o
 .debug_aranges
                0x0000000000000498       0x28 ./system/src/cortexm/_initialize_hardware.o
 .debug_aranges
                0x00000000000004c0       0x90 ./system/src/cortexm/exception_handlers.o
 .debug_aranges
                0x0000000000000550       0x28 ./system/src/cmsis/system_stm32f4xx.o
 .debug_aranges
                0x0000000000000578       0x20 ./system/src/cmsis/vectors_stm32f401xe.o
 .debug_aranges
                0x0000000000000598       0x38 ./stm32quick/stm32_gpio.o
 .debug_aranges
                0x00000000000005d0       0x28 ./src/_initialize_hardware.o
 .debug_aranges
                0x00000000000005f8       0x60 ./src/main.o
 .debug_aranges
                0x0000000000000658       0x38 ./src/stm32f4xx_hal_msp.o
 .debug_aranges
                0x0000000000000690       0x20 ./src/timer.o

.debug_pubnames
 *(.debug_pubnames)

.debug_info     0x0000000000000000     0xcb0c
 *(.debug_info .gnu.linkonce.wi.*)
 .debug_info    0x0000000000000000      0x85d ./system/src/stm32f4-hal/stm32f4xx_hal.o
 .debug_info    0x000000000000085d     0x108a ./system/src/stm32f4-hal/stm32f4xx_hal_cortex.o
 .debug_info    0x00000000000018e7      0x896 ./system/src/stm32f4-hal/stm32f4xx_hal_gpio.o
 .debug_info    0x000000000000217d      0xf6e ./system/src/stm32f4-hal/stm32f4xx_hal_rcc.o
 .debug_info    0x00000000000030eb      0x501 ./system/src/newlib/_cxx.o
 .debug_info    0x00000000000035ec       0xef ./system/src/newlib/_exit.o
 .debug_info    0x00000000000036db      0x11f ./system/src/newlib/_sbrk.o
 .debug_info    0x00000000000037fa      0x4fa ./system/src/newlib/_startup.o
 .debug_info    0x0000000000003cf4     0x1f2a ./system/src/newlib/_syscalls.o
 .debug_info    0x0000000000005c1e      0x1b9 ./system/src/newlib/assert.o
 .debug_info    0x0000000000005dd7      0x2e6 ./system/src/diag/Trace.o
 .debug_info    0x00000000000060bd      0x315 ./system/src/diag/trace_impl.o
 .debug_info    0x00000000000063d2      0x2e0 ./system/src/cortexm/_initialize_hardware.o
 .debug_info    0x00000000000066b2      0x9be ./system/src/cortexm/exception_handlers.o
 .debug_info    0x0000000000007070      0x4da ./system/src/cmsis/system_stm32f4xx.o
 .debug_info    0x000000000000754a       0xd1 ./system/src/cmsis/vectors_stm32f401xe.o
 .debug_info    0x000000000000761b      0x41f ./stm32quick/stm32_gpio.o
 .debug_info    0x0000000000007a3a      0x528 ./src/_initialize_hardware.o
 .debug_info    0x0000000000007f62     0x49e4 ./src/main.o
 .debug_info    0x000000000000c946       0xf0 ./src/stm32f4xx_hal_msp.o
 .debug_info    0x000000000000ca36       0xd6 ./src/timer.o

.debug_abbrev   0x0000000000000000     0x2a01
 *(.debug_abbrev)
 .debug_abbrev  0x0000000000000000      0x24f ./system/src/stm32f4-hal/stm32f4xx_hal.o
 .debug_abbrev  0x000000000000024f      0x324 ./system/src/stm32f4-hal/stm32f4xx_hal_cortex.o
 .debug_abbrev  0x0000000000000573      0x204 ./system/src/stm32f4-hal/stm32f4xx_hal_gpio.o
 .debug_abbrev  0x0000000000000777      0x2b8 ./system/src/stm32f4-hal/stm32f4xx_hal_rcc.o
 .debug_abbrev  0x0000000000000a2f      0x1b7 ./system/src/newlib/_cxx.o
 .debug_abbrev  0x0000000000000be6       0x8e ./system/src/newlib/_exit.o
 .debug_abbrev  0x0000000000000c74       0xb9 ./system/src/newlib/_sbrk.o
 .debug_abbrev  0x0000000000000d2d      0x1d4 ./system/src/newlib/_startup.o
 .debug_abbrev  0x0000000000000f01      0x41e ./system/src/newlib/_syscalls.o
 .debug_abbrev  0x000000000000131f       0xab ./system/src/newlib/assert.o
 .debug_abbrev  0x00000000000013ca      0x145 ./system/src/diag/Trace.o
 .debug_abbrev  0x000000000000150f      0x1c8 ./system/src/diag/trace_impl.o
 .debug_abbrev  0x00000000000016d7       0xea ./system/src/cortexm/_initialize_hardware.o
 .debug_abbrev  0x00000000000017c1      0x286 ./system/src/cortexm/exception_handlers.o
 .debug_abbrev  0x0000000000001a47      0x104 ./system/src/cmsis/system_stm32f4xx.o
 .debug_abbrev  0x0000000000001b4b       0x9d ./system/src/cmsis/vectors_stm32f401xe.o
 .debug_abbrev  0x0000000000001be8      0x272 ./stm32quick/stm32_gpio.o
 .debug_abbrev  0x0000000000001e5a      0x14c ./src/_initialize_hardware.o
 .debug_abbrev  0x0000000000001fa6      0x969 ./src/main.o
 .debug_abbrev  0x000000000000290f       0x6a ./src/stm32f4xx_hal_msp.o
 .debug_abbrev  0x0000000000002979       0x88 ./src/timer.o

.debug_line     0x0000000000000000     0xb6d1
 *(.debug_line)
 .debug_line    0x0000000000000000      0xb5a ./system/src/stm32f4-hal/stm32f4xx_hal.o
 .debug_line    0x0000000000000b5a      0xc3d ./system/src/stm32f4-hal/stm32f4xx_hal_cortex.o
 .debug_line    0x0000000000001797      0xc74 ./system/src/stm32f4-hal/stm32f4xx_hal_gpio.o
 .debug_line    0x000000000000240b      0xe0c ./system/src/stm32f4-hal/stm32f4xx_hal_rcc.o
 .debug_line    0x0000000000003217      0x44f ./system/src/newlib/_cxx.o
 .debug_line    0x0000000000003666      0x338 ./system/src/newlib/_exit.o
 .debug_line    0x000000000000399e      0x2ea ./system/src/newlib/_sbrk.o
 .debug_line    0x0000000000003c88      0x3bb ./system/src/newlib/_startup.o
 .debug_line    0x0000000000004043      0x87f ./system/src/newlib/_syscalls.o
 .debug_line    0x00000000000048c2      0x37c ./system/src/newlib/assert.o
 .debug_line    0x0000000000004c3e      0x397 ./system/src/diag/Trace.o
 .debug_line    0x0000000000004fd5      0xa95 ./system/src/diag/trace_impl.o
 .debug_line    0x0000000000005a6a      0x9fe ./system/src/cortexm/_initialize_hardware.o
 .debug_line    0x0000000000006468      0xb67 ./system/src/cortexm/exception_handlers.o
 .debug_line    0x0000000000006fcf      0x9fe ./system/src/cmsis/system_stm32f4xx.o
 .debug_line    0x00000000000079cd      0x247 ./system/src/cmsis/vectors_stm32f401xe.o
 .debug_line    0x0000000000007c14      0xa12 ./stm32quick/stm32_gpio.o
 .debug_line    0x0000000000008626      0x9fb ./src/_initialize_hardware.o
 .debug_line    0x0000000000009021     0x12fe ./src/main.o
 .debug_line    0x000000000000a31f      0x9f8 ./src/stm32f4xx_hal_msp.o
 .debug_line    0x000000000000ad17      0x9ba ./src/timer.o

.debug_frame    0x0000000000000000     0x1790
 *(.debug_frame)
 .debug_frame   0x0000000000000000      0x188 ./system/src/stm32f4-hal/stm32f4xx_hal.o
 .debug_frame   0x0000000000000188      0x17c ./system/src/stm32f4-hal/stm32f4xx_hal_cortex.o
 .debug_frame   0x0000000000000304       0xf8 ./system/src/stm32f4-hal/stm32f4xx_hal_gpio.o
 .debug_frame   0x00000000000003fc      0x158 ./system/src/stm32f4-hal/stm32f4xx_hal_rcc.o
 .debug_frame   0x0000000000000554       0x40 ./system/src/newlib/_cxx.o
 .debug_frame   0x0000000000000594       0x38 ./system/src/newlib/_exit.o
 .debug_frame   0x00000000000005cc       0x28 ./system/src/newlib/_sbrk.o
 .debug_frame   0x00000000000005f4       0x7c ./system/src/newlib/_startup.o
 .debug_frame   0x0000000000000670      0x3d0 ./system/src/newlib/_syscalls.o
 .debug_frame   0x0000000000000a40       0x40 ./system/src/newlib/assert.o
 .debug_frame   0x0000000000000a80       0x94 ./system/src/diag/Trace.o
 .debug_frame   0x0000000000000b14       0x60 ./system/src/diag/trace_impl.o
 .debug_frame   0x0000000000000b74       0x40 ./system/src/cortexm/_initialize_hardware.o
 .debug_frame   0x0000000000000bb4      0x164 ./system/src/cortexm/exception_handlers.o
 .debug_frame   0x0000000000000d18       0x30 ./system/src/cmsis/system_stm32f4xx.o
 .debug_frame   0x0000000000000d48       0x20 ./system/src/cmsis/vectors_stm32f401xe.o
 .debug_frame   0x0000000000000d68       0x68 ./stm32quick/stm32_gpio.o
 .debug_frame   0x0000000000000dd0       0x50 ./src/_initialize_hardware.o
 .debug_frame   0x0000000000000e20       0xe8 ./src/main.o
 .debug_frame   0x0000000000000f08       0x50 ./src/stm32f4xx_hal_msp.o
 .debug_frame   0x0000000000000f58       0x28 ./src/timer.o
 .debug_frame   0x0000000000000f80       0x20 /Users/yuechuanxu/Projects/gcc-arm-none-eabi-5_4-2016q2/bin/../lib/gcc/arm-none-eabi/5.4.1/../../../../arm-none-eabi/lib/armv7e-m/libstdc++_nano.a(del_op.o)
 .debug_frame   0x0000000000000fa0       0x28 /Users/yuechuanxu/Projects/gcc-arm-none-eabi-5_4-2016q2/bin/../lib/gcc/arm-none-eabi/5.4.1/../../../../arm-none-eabi/lib/armv7e-m/libstdc++_nano.a(new_op.o)
 .debug_frame   0x0000000000000fc8       0x30 /Users/yuechuanxu/Projects/gcc-arm-none-eabi-5_4-2016q2/bin/../lib/gcc/arm-none-eabi/5.4.1/../../../../arm-none-eabi/lib/armv7e-m/libstdc++_nano.a(new_handler.o)
 .debug_frame   0x0000000000000ff8       0x20 /Users/yuechuanxu/Projects/gcc-arm-none-eabi-5_4-2016q2/bin/../lib/gcc/arm-none-eabi/5.4.1/../../../../arm-none-eabi/lib/armv7e-m/libg_nano.a(lib_a-errno.o)
 .debug_frame   0x0000000000001018      0x11c /Users/yuechuanxu/Projects/gcc-arm-none-eabi-5_4-2016q2/bin/../lib/gcc/arm-none-eabi/5.4.1/../../../../arm-none-eabi/lib/armv7e-m/libg_nano.a(lib_a-findfp.o)
 .debug_frame   0x0000000000001134       0x54 /Users/yuechuanxu/Projects/gcc-arm-none-eabi-5_4-2016q2/bin/../lib/gcc/arm-none-eabi/5.4.1/../../../../arm-none-eabi/lib/armv7e-m/libg_nano.a(lib_a-fwalk.o)
 .debug_frame   0x0000000000001188       0x30 /Users/yuechuanxu/Projects/gcc-arm-none-eabi-5_4-2016q2/bin/../lib/gcc/arm-none-eabi/5.4.1/../../../../arm-none-eabi/lib/armv7e-m/libg_nano.a(lib_a-malloc.o)
 .debug_frame   0x00000000000011b8       0x20 /Users/yuechuanxu/Projects/gcc-arm-none-eabi-5_4-2016q2/bin/../lib/gcc/arm-none-eabi/5.4.1/../../../../arm-none-eabi/lib/armv7e-m/libg_nano.a(lib_a-memset.o)
 .debug_frame   0x00000000000011d8       0x38 /Users/yuechuanxu/Projects/gcc-arm-none-eabi-5_4-2016q2/bin/../lib/gcc/arm-none-eabi/5.4.1/../../../../arm-none-eabi/lib/armv7e-m/libg_nano.a(lib_a-nano-freer.o)
 .debug_frame   0x0000000000001210       0x2c /Users/yuechuanxu/Projects/gcc-arm-none-eabi-5_4-2016q2/bin/../lib/gcc/arm-none-eabi/5.4.1/../../../../arm-none-eabi/lib/armv7e-m/libg_nano.a(lib_a-nano-mallocr.o)
 .debug_frame   0x000000000000123c       0x3c /Users/yuechuanxu/Projects/gcc-arm-none-eabi-5_4-2016q2/bin/../lib/gcc/arm-none-eabi/5.4.1/../../../../arm-none-eabi/lib/armv7e-m/libg_nano.a(lib_a-puts.o)
 .debug_frame   0x0000000000001278       0x2c /Users/yuechuanxu/Projects/gcc-arm-none-eabi-5_4-2016q2/bin/../lib/gcc/arm-none-eabi/5.4.1/../../../../arm-none-eabi/lib/armv7e-m/libg_nano.a(lib_a-sbrkr.o)
 .debug_frame   0x00000000000012a4       0x88 /Users/yuechuanxu/Projects/gcc-arm-none-eabi-5_4-2016q2/bin/../lib/gcc/arm-none-eabi/5.4.1/../../../../arm-none-eabi/lib/armv7e-m/libg_nano.a(lib_a-stdio.o)
 .debug_frame   0x000000000000132c       0x20 /Users/yuechuanxu/Projects/gcc-arm-none-eabi-5_4-2016q2/bin/../lib/gcc/arm-none-eabi/5.4.1/../../../../arm-none-eabi/lib/armv7e-m/libg_nano.a(lib_a-strcmp.o)
 .debug_frame   0x000000000000134c       0x48 /Users/yuechuanxu/Projects/gcc-arm-none-eabi-5_4-2016q2/bin/../lib/gcc/arm-none-eabi/5.4.1/../../../../arm-none-eabi/lib/armv7e-m/libg_nano.a(lib_a-vsnprintf.o)
 .debug_frame   0x0000000000001394       0x40 /Users/yuechuanxu/Projects/gcc-arm-none-eabi-5_4-2016q2/bin/../lib/gcc/arm-none-eabi/5.4.1/../../../../arm-none-eabi/lib/armv7e-m/libg_nano.a(lib_a-wbuf.o)
 .debug_frame   0x00000000000013d4       0x2c /Users/yuechuanxu/Projects/gcc-arm-none-eabi-5_4-2016q2/bin/../lib/gcc/arm-none-eabi/5.4.1/../../../../arm-none-eabi/lib/armv7e-m/libg_nano.a(lib_a-writer.o)
 .debug_frame   0x0000000000001400       0x2c /Users/yuechuanxu/Projects/gcc-arm-none-eabi-5_4-2016q2/bin/../lib/gcc/arm-none-eabi/5.4.1/../../../../arm-none-eabi/lib/armv7e-m/libg_nano.a(lib_a-wsetup.o)
 .debug_frame   0x000000000000142c       0x2c /Users/yuechuanxu/Projects/gcc-arm-none-eabi-5_4-2016q2/bin/../lib/gcc/arm-none-eabi/5.4.1/../../../../arm-none-eabi/lib/armv7e-m/libg_nano.a(lib_a-closer.o)
 .debug_frame   0x0000000000001458       0x68 /Users/yuechuanxu/Projects/gcc-arm-none-eabi-5_4-2016q2/bin/../lib/gcc/arm-none-eabi/5.4.1/../../../../arm-none-eabi/lib/armv7e-m/libg_nano.a(lib_a-fflush.o)
 .debug_frame   0x00000000000014c0       0x2c /Users/yuechuanxu/Projects/gcc-arm-none-eabi-5_4-2016q2/bin/../lib/gcc/arm-none-eabi/5.4.1/../../../../arm-none-eabi/lib/armv7e-m/libg_nano.a(lib_a-lseekr.o)
 .debug_frame   0x00000000000014ec       0x54 /Users/yuechuanxu/Projects/gcc-arm-none-eabi-5_4-2016q2/bin/../lib/gcc/arm-none-eabi/5.4.1/../../../../arm-none-eabi/lib/armv7e-m/libg_nano.a(lib_a-makebuf.o)
 .debug_frame   0x0000000000001540       0x30 /Users/yuechuanxu/Projects/gcc-arm-none-eabi-5_4-2016q2/bin/../lib/gcc/arm-none-eabi/5.4.1/../../../../arm-none-eabi/lib/armv7e-m/libg_nano.a(lib_a-mlock.o)
 .debug_frame   0x0000000000001570       0x90 /Users/yuechuanxu/Projects/gcc-arm-none-eabi-5_4-2016q2/bin/../lib/gcc/arm-none-eabi/5.4.1/../../../../arm-none-eabi/lib/armv7e-m/libg_nano.a(lib_a-nano-svfprintf.o)
 .debug_frame   0x0000000000001600       0x60 /Users/yuechuanxu/Projects/gcc-arm-none-eabi-5_4-2016q2/bin/../lib/gcc/arm-none-eabi/5.4.1/../../../../arm-none-eabi/lib/armv7e-m/libg_nano.a(lib_a-nano-vfprintf_i.o)
 .debug_frame   0x0000000000001660       0x2c /Users/yuechuanxu/Projects/gcc-arm-none-eabi-5_4-2016q2/bin/../lib/gcc/arm-none-eabi/5.4.1/../../../../arm-none-eabi/lib/armv7e-m/libg_nano.a(lib_a-readr.o)
 .debug_frame   0x000000000000168c       0x2c /Users/yuechuanxu/Projects/gcc-arm-none-eabi-5_4-2016q2/bin/../lib/gcc/arm-none-eabi/5.4.1/../../../../arm-none-eabi/lib/armv7e-m/libg_nano.a(lib_a-fstatr.o)
 .debug_frame   0x00000000000016b8       0x2c /Users/yuechuanxu/Projects/gcc-arm-none-eabi-5_4-2016q2/bin/../lib/gcc/arm-none-eabi/5.4.1/../../../../arm-none-eabi/lib/armv7e-m/libg_nano.a(lib_a-isattyr.o)
 .debug_frame   0x00000000000016e4       0x28 /Users/yuechuanxu/Projects/gcc-arm-none-eabi-5_4-2016q2/bin/../lib/gcc/arm-none-eabi/5.4.1/../../../../arm-none-eabi/lib/armv7e-m/libg_nano.a(lib_a-memcpy-stub.o)
 .debug_frame   0x000000000000170c       0x28 /Users/yuechuanxu/Projects/gcc-arm-none-eabi-5_4-2016q2/bin/../lib/gcc/arm-none-eabi/5.4.1/../../../../arm-none-eabi/lib/armv7e-m/libg_nano.a(lib_a-memmove.o)
 .debug_frame   0x0000000000001734       0x3c /Users/yuechuanxu/Projects/gcc-arm-none-eabi-5_4-2016q2/bin/../lib/gcc/arm-none-eabi/5.4.1/../../../../arm-none-eabi/lib/armv7e-m/libg_nano.a(lib_a-nano-reallocr.o)
 .debug_frame   0x0000000000001770       0x20 /Users/yuechuanxu/Projects/gcc-arm-none-eabi-5_4-2016q2/bin/../lib/gcc/arm-none-eabi/5.4.1/../../../../arm-none-eabi/lib/armv7e-m/libg_nano.a(lib_a-nano-msizer.o)

.debug_str      0x0000000000000000    0x81e56
 *(.debug_str)
 .debug_str     0x0000000000000000    0x75507 ./system/src/stm32f4-hal/stm32f4xx_hal.o
                                      0x758a9 (size before relaxing)
 .debug_str     0x0000000000075507      0x39c ./system/src/stm32f4-hal/stm32f4xx_hal_cortex.o
                                      0x75726 (size before relaxing)
 .debug_str     0x00000000000758a3      0x2bf ./system/src/stm32f4-hal/stm32f4xx_hal_gpio.o
                                      0x7529e (size before relaxing)
 .debug_str     0x0000000000075b62      0x394 ./system/src/stm32f4-hal/stm32f4xx_hal_rcc.o
                                      0x7543c (size before relaxing)
 .debug_str     0x0000000000075ef6     0x2a6e ./system/src/newlib/_cxx.o
                                       0x869b (size before relaxing)
 .debug_str     0x0000000000078964       0x23 ./system/src/newlib/_exit.o
                                       0x6efd (size before relaxing)
 .debug_str     0x0000000000078987      0x4d6 ./system/src/newlib/_sbrk.o
                                       0x62e8 (size before relaxing)
 .debug_str     0x0000000000078e5d      0x2c6 ./system/src/newlib/_startup.o
                                       0x5eb2 (size before relaxing)
 .debug_str     0x0000000000079123     0x1e41 ./system/src/newlib/_syscalls.o
                                       0xa2e2 (size before relaxing)
 .debug_str     0x000000000007af64       0xd0 ./system/src/newlib/assert.o
                                       0x79d7 (size before relaxing)
 .debug_str     0x000000000007b034      0x168 ./system/src/diag/Trace.o
                                       0x76dd (size before relaxing)
 .debug_str     0x000000000007b19c       0xa2 ./system/src/diag/trace_impl.o
                                      0x7614c (size before relaxing)
 .debug_str     0x000000000007b23e       0x5e ./system/src/cortexm/_initialize_hardware.o
                                      0x74f42 (size before relaxing)
 .debug_str     0x000000000007b29c      0x1dc ./system/src/cortexm/exception_handlers.o
                                      0x76342 (size before relaxing)
 .debug_str     0x000000000007b478       0x46 ./system/src/cmsis/system_stm32f4xx.o
                                      0x75021 (size before relaxing)
 .debug_str     0x000000000007b4be       0x59 ./system/src/cmsis/vectors_stm32f401xe.o
                                       0x34a9 (size before relaxing)
 .debug_str     0x000000000007b517      0x1c8 ./stm32quick/stm32_gpio.o
                                      0x75411 (size before relaxing)
 .debug_str     0x000000000007b6df       0x31 ./src/_initialize_hardware.o
                                      0x75127 (size before relaxing)
 .debug_str     0x000000000007b710     0x66fa ./src/main.o
                                      0x7e5c3 (size before relaxing)
 .debug_str     0x0000000000081e0a       0x3d ./src/stm32f4xx_hal_msp.o
                                      0x74e6c (size before relaxing)
 .debug_str     0x0000000000081e47        0xf ./src/timer.o
                                      0x74e40 (size before relaxing)

.debug_loc      0x0000000000000000     0x321c
 *(.debug_loc)
 .debug_loc     0x0000000000000000       0x92 ./system/src/stm32f4-hal/stm32f4xx_hal.o
 .debug_loc     0x0000000000000092      0x580 ./system/src/stm32f4-hal/stm32f4xx_hal_cortex.o
 .debug_loc     0x0000000000000612      0x4bb ./system/src/stm32f4-hal/stm32f4xx_hal_gpio.o
 .debug_loc     0x0000000000000acd      0x57a ./system/src/stm32f4-hal/stm32f4xx_hal_rcc.o
 .debug_loc     0x0000000000001047       0x82 ./system/src/newlib/_sbrk.o
 .debug_loc     0x00000000000010c9      0x36e ./system/src/newlib/_startup.o
 .debug_loc     0x0000000000001437      0xf8a ./system/src/newlib/_syscalls.o
 .debug_loc     0x00000000000023c1      0x110 ./system/src/newlib/assert.o
 .debug_loc     0x00000000000024d1      0x102 ./system/src/diag/Trace.o
 .debug_loc     0x00000000000025d3      0x17c ./system/src/diag/trace_impl.o
 .debug_loc     0x000000000000274f      0x43a ./system/src/cortexm/exception_handlers.o
 .debug_loc     0x0000000000002b89      0x132 ./system/src/cmsis/system_stm32f4xx.o
 .debug_loc     0x0000000000002cbb       0xb5 ./stm32quick/stm32_gpio.o
 .debug_loc     0x0000000000002d70      0x4ac ./src/main.o

.debug_macinfo
 *(.debug_macinfo)

.debug_weaknames
 *(.debug_weaknames)

.debug_funcnames
 *(.debug_funcnames)

.debug_typenames
 *(.debug_typenames)

.debug_varnames
 *(.debug_varnames)
OUTPUT(stm32quick.elf elf32-littlearm)

.debug_ranges   0x0000000000000000      0x5c8
 .debug_ranges  0x0000000000000000       0xb0 ./system/src/stm32f4-hal/stm32f4xx_hal.o
 .debug_ranges  0x00000000000000b0       0x88 ./system/src/stm32f4-hal/stm32f4xx_hal_cortex.o
 .debug_ranges  0x0000000000000138       0x48 ./system/src/stm32f4-hal/stm32f4xx_hal_gpio.o
 .debug_ranges  0x0000000000000180       0x78 ./system/src/stm32f4-hal/stm32f4xx_hal_rcc.o
 .debug_ranges  0x00000000000001f8       0x18 ./system/src/newlib/_cxx.o
 .debug_ranges  0x0000000000000210       0x18 ./system/src/newlib/_exit.o
 .debug_ranges  0x0000000000000228       0x10 ./system/src/newlib/_sbrk.o
 .debug_ranges  0x0000000000000238       0x30 ./system/src/newlib/_startup.o
 .debug_ranges  0x0000000000000268      0x148 ./system/src/newlib/_syscalls.o
 .debug_ranges  0x00000000000003b0       0x18 ./system/src/newlib/assert.o
 .debug_ranges  0x00000000000003c8       0x28 ./system/src/diag/Trace.o
 .debug_ranges  0x00000000000003f0       0x38 ./system/src/diag/trace_impl.o
 .debug_ranges  0x0000000000000428       0x18 ./system/src/cortexm/_initialize_hardware.o
 .debug_ranges  0x0000000000000440       0x98 ./system/src/cortexm/exception_handlers.o
 .debug_ranges  0x00000000000004d8       0x18 ./system/src/cmsis/system_stm32f4xx.o
 .debug_ranges  0x00000000000004f0       0x10 ./system/src/cmsis/vectors_stm32f401xe.o
 .debug_ranges  0x0000000000000500       0x28 ./stm32quick/stm32_gpio.o
 .debug_ranges  0x0000000000000528       0x18 ./src/_initialize_hardware.o
 .debug_ranges  0x0000000000000540       0x50 ./src/main.o
 .debug_ranges  0x0000000000000590       0x28 ./src/stm32f4xx_hal_msp.o
 .debug_ranges  0x00000000000005b8       0x10 ./src/timer.o

.debug_macro    0x0000000000000000    0x197d4
 .debug_macro   0x0000000000000000      0x51e ./system/src/stm32f4-hal/stm32f4xx_hal.o
 .debug_macro   0x000000000000051e      0x89e ./system/src/stm32f4-hal/stm32f4xx_hal.o
 .debug_macro   0x0000000000000dbc      0x283 ./system/src/stm32f4-hal/stm32f4xx_hal.o
 .debug_macro   0x000000000000103f       0x2e ./system/src/stm32f4-hal/stm32f4xx_hal.o
 .debug_macro   0x000000000000106d       0x28 ./system/src/stm32f4-hal/stm32f4xx_hal.o
 .debug_macro   0x0000000000001095       0x22 ./system/src/stm32f4-hal/stm32f4xx_hal.o
 .debug_macro   0x00000000000010b7       0x87 ./system/src/stm32f4-hal/stm32f4xx_hal.o
 .debug_macro   0x000000000000113e       0x44 ./system/src/stm32f4-hal/stm32f4xx_hal.o
 .debug_macro   0x0000000000001182       0xfd ./system/src/stm32f4-hal/stm32f4xx_hal.o
 .debug_macro   0x000000000000127f       0x5e ./system/src/stm32f4-hal/stm32f4xx_hal.o
 .debug_macro   0x00000000000012dd      0x1df ./system/src/stm32f4-hal/stm32f4xx_hal.o
 .debug_macro   0x00000000000014bc       0x35 ./system/src/stm32f4-hal/stm32f4xx_hal.o
 .debug_macro   0x00000000000014f1       0x50 ./system/src/stm32f4-hal/stm32f4xx_hal.o
 .debug_macro   0x0000000000001541      0xe66 ./system/src/stm32f4-hal/stm32f4xx_hal.o
 .debug_macro   0x00000000000023a7     0x5029 ./system/src/stm32f4-hal/stm32f4xx_hal.o
 .debug_macro   0x00000000000073d0       0x43 ./system/src/stm32f4-hal/stm32f4xx_hal.o
 .debug_macro   0x0000000000007413     0x33a6 ./system/src/stm32f4-hal/stm32f4xx_hal.o
 .debug_macro   0x000000000000a7b9       0x52 ./system/src/stm32f4-hal/stm32f4xx_hal.o
 .debug_macro   0x000000000000a80b       0x35 ./system/src/stm32f4-hal/stm32f4xx_hal.o
 .debug_macro   0x000000000000a840       0x9c ./system/src/stm32f4-hal/stm32f4xx_hal.o
 .debug_macro   0x000000000000a8dc       0x16 ./system/src/stm32f4-hal/stm32f4xx_hal.o
 .debug_macro   0x000000000000a8f2       0x97 ./system/src/stm32f4-hal/stm32f4xx_hal.o
 .debug_macro   0x000000000000a989      0x30d ./system/src/stm32f4-hal/stm32f4xx_hal.o
 .debug_macro   0x000000000000ac96       0xfd ./system/src/stm32f4-hal/stm32f4xx_hal.o
 .debug_macro   0x000000000000ad93       0x10 ./system/src/stm32f4-hal/stm32f4xx_hal.o
 .debug_macro   0x000000000000ada3       0x52 ./system/src/stm32f4-hal/stm32f4xx_hal.o
 .debug_macro   0x000000000000adf5       0x1f ./system/src/stm32f4-hal/stm32f4xx_hal.o
 .debug_macro   0x000000000000ae14       0x43 ./system/src/stm32f4-hal/stm32f4xx_hal.o
 .debug_macro   0x000000000000ae57       0x20 ./system/src/stm32f4-hal/stm32f4xx_hal.o
 .debug_macro   0x000000000000ae77      0x187 ./system/src/stm32f4-hal/stm32f4xx_hal.o
 .debug_macro   0x000000000000affe       0x10 ./system/src/stm32f4-hal/stm32f4xx_hal.o
 .debug_macro   0x000000000000b00e       0x1c ./system/src/stm32f4-hal/stm32f4xx_hal.o
 .debug_macro   0x000000000000b02a       0x52 ./system/src/stm32f4-hal/stm32f4xx_hal.o
 .debug_macro   0x000000000000b07c       0x40 ./system/src/stm32f4-hal/stm32f4xx_hal.o
 .debug_macro   0x000000000000b0bc       0x10 ./system/src/stm32f4-hal/stm32f4xx_hal.o
 .debug_macro   0x000000000000b0cc       0x40 ./system/src/stm32f4-hal/stm32f4xx_hal.o
 .debug_macro   0x000000000000b10c       0xd7 ./system/src/stm32f4-hal/stm32f4xx_hal.o
 .debug_macro   0x000000000000b1e3       0x16 ./system/src/stm32f4-hal/stm32f4xx_hal.o
 .debug_macro   0x000000000000b1f9      0x189 ./system/src/stm32f4-hal/stm32f4xx_hal.o
 .debug_macro   0x000000000000b382       0x57 ./system/src/stm32f4-hal/stm32f4xx_hal.o
 .debug_macro   0x000000000000b3d9      0x408 ./system/src/stm32f4-hal/stm32f4xx_hal.o
 .debug_macro   0x000000000000b7e1      0x9da ./system/src/stm32f4-hal/stm32f4xx_hal.o
 .debug_macro   0x000000000000c1bb      0x11e ./system/src/stm32f4-hal/stm32f4xx_hal.o
 .debug_macro   0x000000000000c2d9       0xf8 ./system/src/stm32f4-hal/stm32f4xx_hal.o
 .debug_macro   0x000000000000c3d1       0x27 ./system/src/stm32f4-hal/stm32f4xx_hal.o
 .debug_macro   0x000000000000c3f8      0x272 ./system/src/stm32f4-hal/stm32f4xx_hal.o
 .debug_macro   0x000000000000c66a       0x5f ./system/src/stm32f4-hal/stm32f4xx_hal.o
 .debug_macro   0x000000000000c6c9      0x23a ./system/src/stm32f4-hal/stm32f4xx_hal.o
 .debug_macro   0x000000000000c903      0x391 ./system/src/stm32f4-hal/stm32f4xx_hal.o
 .debug_macro   0x000000000000cc94      0x16f ./system/src/stm32f4-hal/stm32f4xx_hal.o
 .debug_macro   0x000000000000ce03       0xf9 ./system/src/stm32f4-hal/stm32f4xx_hal.o
 .debug_macro   0x000000000000cefc       0x23 ./system/src/stm32f4-hal/stm32f4xx_hal.o
 .debug_macro   0x000000000000cf1f      0x13a ./system/src/stm32f4-hal/stm32f4xx_hal.o
 .debug_macro   0x000000000000d059      0x264 ./system/src/stm32f4-hal/stm32f4xx_hal.o
 .debug_macro   0x000000000000d2bd       0x2e ./system/src/stm32f4-hal/stm32f4xx_hal.o
 .debug_macro   0x000000000000d2eb      0x1a7 ./system/src/stm32f4-hal/stm32f4xx_hal.o
 .debug_macro   0x000000000000d492       0x22 ./system/src/stm32f4-hal/stm32f4xx_hal.o
 .debug_macro   0x000000000000d4b4       0xa5 ./system/src/stm32f4-hal/stm32f4xx_hal.o
 .debug_macro   0x000000000000d559      0x18b ./system/src/stm32f4-hal/stm32f4xx_hal.o
 .debug_macro   0x000000000000d6e4       0x24 ./system/src/stm32f4-hal/stm32f4xx_hal.o
 .debug_macro   0x000000000000d708       0x35 ./system/src/stm32f4-hal/stm32f4xx_hal.o
 .debug_macro   0x000000000000d73d       0x97 ./system/src/stm32f4-hal/stm32f4xx_hal.o
 .debug_macro   0x000000000000d7d4      0x11e ./system/src/stm32f4-hal/stm32f4xx_hal.o
 .debug_macro   0x000000000000d8f2       0x85 ./system/src/stm32f4-hal/stm32f4xx_hal.o
 .debug_macro   0x000000000000d977       0x89 ./system/src/stm32f4-hal/stm32f4xx_hal.o
 .debug_macro   0x000000000000da00      0x31a ./system/src/stm32f4-hal/stm32f4xx_hal.o
 .debug_macro   0x000000000000dd1a      0x409 ./system/src/stm32f4-hal/stm32f4xx_hal.o
 .debug_macro   0x000000000000e123       0xe4 ./system/src/stm32f4-hal/stm32f4xx_hal.o
 .debug_macro   0x000000000000e207      0x48d ./system/src/stm32f4-hal/stm32f4xx_hal.o
 .debug_macro   0x000000000000e694      0x22b ./system/src/stm32f4-hal/stm32f4xx_hal.o
 .debug_macro   0x000000000000e8bf      0x202 ./system/src/stm32f4-hal/stm32f4xx_hal.o
 .debug_macro   0x000000000000eac1      0x6d9 ./system/src/stm32f4-hal/stm32f4xx_hal.o
 .debug_macro   0x000000000000f19a       0x5b ./system/src/stm32f4-hal/stm32f4xx_hal.o
 .debug_macro   0x000000000000f1f5      0x14d ./system/src/stm32f4-hal/stm32f4xx_hal.o
 .debug_macro   0x000000000000f342      0x287 ./system/src/stm32f4-hal/stm32f4xx_hal.o
 .debug_macro   0x000000000000f5c9      0x225 ./system/src/stm32f4-hal/stm32f4xx_hal.o
 .debug_macro   0x000000000000f7ee      0x1b5 ./system/src/stm32f4-hal/stm32f4xx_hal.o
 .debug_macro   0x000000000000f9a3      0x2db ./system/src/stm32f4-hal/stm32f4xx_hal.o
 .debug_macro   0x000000000000fc7e       0x94 ./system/src/stm32f4-hal/stm32f4xx_hal.o
 .debug_macro   0x000000000000fd12      0x1df ./system/src/stm32f4-hal/stm32f4xx_hal.o
 .debug_macro   0x000000000000fef1      0x115 ./system/src/stm32f4-hal/stm32f4xx_hal.o
 .debug_macro   0x0000000000010006       0x6e ./system/src/stm32f4-hal/stm32f4xx_hal.o
 .debug_macro   0x0000000000010074      0x11e ./system/src/stm32f4-hal/stm32f4xx_hal.o
 .debug_macro   0x0000000000010192      0x4d0 ./system/src/stm32f4-hal/stm32f4xx_hal_cortex.o
 .debug_macro   0x0000000000010662      0x508 ./system/src/stm32f4-hal/stm32f4xx_hal_gpio.o
 .debug_macro   0x0000000000010b6a      0x4fa ./system/src/stm32f4-hal/stm32f4xx_hal_rcc.o
 .debug_macro   0x0000000000011064      0x1cf ./system/src/newlib/_cxx.o
 .debug_macro   0x0000000000011233      0x934 ./system/src/newlib/_cxx.o
 .debug_macro   0x0000000000011b67      0x136 ./system/src/newlib/_cxx.o
 .debug_macro   0x0000000000011c9d      0x353 ./system/src/newlib/_cxx.o
 .debug_macro   0x0000000000011ff0       0x4c ./system/src/newlib/_cxx.o
 .debug_macro   0x000000000001203c       0x8d ./system/src/newlib/_cxx.o
 .debug_macro   0x00000000000120c9       0x9c ./system/src/newlib/_cxx.o
 .debug_macro   0x0000000000012165       0x16 ./system/src/newlib/_cxx.o
 .debug_macro   0x000000000001217b      0x10e ./system/src/newlib/_cxx.o
 .debug_macro   0x0000000000012289       0x94 ./system/src/newlib/_cxx.o
 .debug_macro   0x000000000001231d       0x4a ./system/src/newlib/_cxx.o
 .debug_macro   0x0000000000012367       0x43 ./system/src/newlib/_cxx.o
 .debug_macro   0x00000000000123aa      0x337 ./system/src/newlib/_cxx.o
 .debug_macro   0x00000000000126e1       0x16 ./system/src/newlib/_cxx.o
 .debug_macro   0x00000000000126f7       0x29 ./system/src/newlib/_cxx.o
 .debug_macro   0x0000000000012720       0xac ./system/src/newlib/_cxx.o
 .debug_macro   0x00000000000127cc       0x16 ./system/src/newlib/_cxx.o
 .debug_macro   0x00000000000127e2       0x35 ./system/src/newlib/_cxx.o
 .debug_macro   0x0000000000012817      0x513 ./system/src/newlib/_cxx.o
 .debug_macro   0x0000000000012d2a      0x19c ./system/src/newlib/_exit.o
 .debug_macro   0x0000000000012ec6      0x10e ./system/src/newlib/_exit.o
 .debug_macro   0x0000000000012fd4       0x8d ./system/src/newlib/_exit.o
 .debug_macro   0x0000000000013061       0x35 ./system/src/newlib/_exit.o
 .debug_macro   0x0000000000013096      0x151 ./system/src/newlib/_sbrk.o
 .debug_macro   0x00000000000131e7      0x174 ./system/src/newlib/_sbrk.o
 .debug_macro   0x000000000001335b       0x10 ./system/src/newlib/_sbrk.o
 .debug_macro   0x000000000001336b      0x23b ./system/src/newlib/_sbrk.o
 .debug_macro   0x00000000000135a6      0x170 ./system/src/newlib/_startup.o
 .debug_macro   0x0000000000013716      0x8a4 ./system/src/newlib/_startup.o
 .debug_macro   0x0000000000013fba      0x2b8 ./system/src/newlib/_syscalls.o
 .debug_macro   0x0000000000014272       0x10 ./system/src/newlib/_syscalls.o
 .debug_macro   0x0000000000014282       0x10 ./system/src/newlib/_syscalls.o
 .debug_macro   0x0000000000014292       0x10 ./system/src/newlib/_syscalls.o
 .debug_macro   0x00000000000142a2       0x35 ./system/src/newlib/_syscalls.o
 .debug_macro   0x00000000000142d7      0x122 ./system/src/newlib/_syscalls.o
 .debug_macro   0x00000000000143f9      0x1da ./system/src/newlib/_syscalls.o
 .debug_macro   0x00000000000145d3       0x10 ./system/src/newlib/_syscalls.o
 .debug_macro   0x00000000000145e3       0x1c ./system/src/newlib/_syscalls.o
 .debug_macro   0x00000000000145ff       0x16 ./system/src/newlib/_syscalls.o
 .debug_macro   0x0000000000014615       0x88 ./system/src/newlib/_syscalls.o
 .debug_macro   0x000000000001469d      0x241 ./system/src/newlib/_syscalls.o
 .debug_macro   0x00000000000148de       0x16 ./system/src/newlib/_syscalls.o
 .debug_macro   0x00000000000148f4       0x3a ./system/src/newlib/_syscalls.o